Component: ARM Compiler 5.06 update 7 (build 960) Tool: armlink [4d3601]

==============================================================================

Section Cross References

    startup_stm32g473xx.o(STACK) refers (Special) to heapauxi.o(.text) for __use_two_region_memory
    startup_stm32g473xx.o(HEAP) refers (Special) to heapauxi.o(.text) for __use_two_region_memory
    startup_stm32g473xx.o(RESET) refers (Special) to heapauxi.o(.text) for __use_two_region_memory
    startup_stm32g473xx.o(RESET) refers to startup_stm32g473xx.o(STACK) for __initial_sp
    startup_stm32g473xx.o(RESET) refers to startup_stm32g473xx.o(.text) for Reset_Handler
    startup_stm32g473xx.o(RESET) refers to stm32g4xx_it.o(i.NMI_Handler) for NMI_Handler
    startup_stm32g473xx.o(RESET) refers to stm32g4xx_it.o(i.HardFault_Handler) for HardFault_Handler
    startup_stm32g473xx.o(RESET) refers to stm32g4xx_it.o(i.MemManage_Handler) for MemManage_Handler
    startup_stm32g473xx.o(RESET) refers to stm32g4xx_it.o(i.BusFault_Handler) for BusFault_Handler
    startup_stm32g473xx.o(RESET) refers to stm32g4xx_it.o(i.UsageFault_Handler) for UsageFault_Handler
    startup_stm32g473xx.o(RESET) refers to stm32g4xx_it.o(i.SVC_Handler) for SVC_Handler
    startup_stm32g473xx.o(RESET) refers to stm32g4xx_it.o(i.DebugMon_Handler) for DebugMon_Handler
    startup_stm32g473xx.o(RESET) refers to stm32g4xx_it.o(i.PendSV_Handler) for PendSV_Handler
    startup_stm32g473xx.o(RESET) refers to stm32g4xx_it.o(i.SysTick_Handler) for SysTick_Handler
    startup_stm32g473xx.o(RESET) refers to stm32g4xx_it.o(i.DMA1_Channel3_IRQHandler) for DMA1_Channel3_IRQHandler
    startup_stm32g473xx.o(RESET) refers to stm32g4xx_it.o(i.DMA1_Channel4_IRQHandler) for DMA1_Channel4_IRQHandler
    startup_stm32g473xx.o(RESET) refers to stm32g4xx_it.o(i.DMA1_Channel6_IRQHandler) for DMA1_Channel6_IRQHandler
    startup_stm32g473xx.o(RESET) refers to stm32g4xx_it.o(i.FDCAN1_IT0_IRQHandler) for FDCAN1_IT0_IRQHandler
    startup_stm32g473xx.o(RESET) refers to stm32g4xx_it.o(i.TIM2_IRQHandler) for TIM2_IRQHandler
    startup_stm32g473xx.o(RESET) refers to stm32g4xx_it.o(i.FDCAN2_IT0_IRQHandler) for FDCAN2_IT0_IRQHandler
    startup_stm32g473xx.o(RESET) refers to stm32g4xx_it.o(i.FDCAN3_IT0_IRQHandler) for FDCAN3_IT0_IRQHandler
    startup_stm32g473xx.o(.text) refers (Special) to heapauxi.o(.text) for __use_two_region_memory
    startup_stm32g473xx.o(.text) refers to system_stm32g4xx.o(i.SystemInit) for SystemInit
    startup_stm32g473xx.o(.text) refers to __main.o(!!!main) for __main
    startup_stm32g473xx.o(.text) refers to startup_stm32g473xx.o(HEAP) for Heap_Mem
    startup_stm32g473xx.o(.text) refers to startup_stm32g473xx.o(STACK) for Stack_Mem
    main.o(i.SystemClock_Config) refers to rt_memclr_w.o(.text) for __aeabi_memclr4
    main.o(i.SystemClock_Config) refers to stm32g4xx_hal_pwr_ex.o(i.HAL_PWREx_ControlVoltageScaling) for HAL_PWREx_ControlVoltageScaling
    main.o(i.SystemClock_Config) refers to stm32g4xx_hal_rcc.o(i.HAL_RCC_OscConfig) for HAL_RCC_OscConfig
    main.o(i.SystemClock_Config) refers to main.o(i.Error_Handler) for Error_Handler
    main.o(i.SystemClock_Config) refers to stm32g4xx_hal_rcc.o(i.HAL_RCC_ClockConfig) for HAL_RCC_ClockConfig
    main.o(i.main) refers to stm32g4xx_hal.o(i.HAL_Init) for HAL_Init
    main.o(i.main) refers to main.o(i.SystemClock_Config) for SystemClock_Config
    main.o(i.main) refers to gpio.o(i.MX_GPIO_Init) for MX_GPIO_Init
    main.o(i.main) refers to dma.o(i.MX_DMA_Init) for MX_DMA_Init
    main.o(i.main) refers to fdcan.o(i.MX_FDCAN1_Init) for MX_FDCAN1_Init
    main.o(i.main) refers to fdcan.o(i.MX_FDCAN2_Init) for MX_FDCAN2_Init
    main.o(i.main) refers to tim.o(i.MX_TIM2_Init) for MX_TIM2_Init
    main.o(i.main) refers to stm32g4xx_hal_tim.o(i.HAL_TIM_Base_Start_IT) for HAL_TIM_Base_Start_IT
    main.o(i.main) refers to fdcan.o(i.FDCAN_StartAll) for FDCAN_StartAll
    main.o(i.main) refers to main.o(i.Error_Handler) for Error_Handler
    main.o(i.main) refers to cc15000.o(i.FDCAN1_Send_Vol) for FDCAN1_Send_Vol
    main.o(i.main) refers to stm32g4xx_hal.o(i.HAL_Delay) for HAL_Delay
    main.o(i.main) refers to cc15000.o(i.FDCAN1_Send_Cur) for FDCAN1_Send_Cur
    main.o(i.main) refers to cc15000.o(i.FDCAN1_Send_ON) for FDCAN1_Send_ON
    main.o(i.main) refers to cc15000.o(i.FDCAN1_Query_Voltage) for FDCAN1_Query_Voltage
    main.o(i.main) refers to cc15000.o(i.FDCAN1_Query_Current) for FDCAN1_Query_Current
    main.o(i.main) refers to cc15000.o(i.FDCAN1_Query_Temp) for FDCAN1_Query_Temp
    main.o(i.main) refers to cc15000.o(i.FDCAN1_Query_State) for FDCAN1_Query_State
    main.o(i.main) refers to fdcan.o(i.FDCAN1_ProcessRx) for FDCAN1_ProcessRx
    main.o(i.main) refers to fdcan.o(i.FDCAN2_ProcessRx) for FDCAN2_ProcessRx
    main.o(i.main) refers to tim.o(.bss) for htim2
    main.o(i.main) refers to main.o(.data) for Vol
    main.o(i.main) refers to fdcan.o(.data) for FDCAN1_Rx_Flag
[...]

Image Symbol Table

    Local Symbols

    Symbol Name                              Value     Ov Type        Size  Object(Section)

    ../Core/Src/adc.c                        0x00000000   Number         0  adc.o ABSOLUTE
    ../Core/Src/dma.c                        0x00000000   Number         0  dma.o ABSOLUTE
    ../Core/Src/fdcan.c                      0x00000000   Number         0  fdcan.o ABSOLUTE
    ../Core/Src/gpio.c                       0x00000000   Number         0  gpio.o ABSOLUTE
    ../Core/Src/main.c                       0x00000000   Number         0  main.o ABSOLUTE
    ../Core/Src/stm32g4xx_hal_msp.c          0x00000000   Number         0  stm32g4xx_hal_msp.o ABSOLUTE
    ../Core/Src/stm32g4xx_it.c               0x00000000   Number         0  stm32g4xx_it.o ABSOLUTE
    ../Core/Src/system_stm32g4xx.c           0x00000000   Number         0  system_stm32g4xx.o ABSOLUTE
    ../Drivers/STM32G4xx_HAL_Driver/Src/stm32g4xx_hal.c 0x00000000   Number         0  stm32g4xx_hal.o ABSOLUTE
    ../Drivers/STM32G4xx_HAL_Driver/Src/stm32g4xx_hal_adc.c 0x00000000   Number         0  stm32g4xx_hal_adc.o ABSOLUTE
    ../Drivers/STM32G4xx_HAL_Driver/Src/stm32g4xx_hal_adc_ex.c 0x00000000   Number         0  stm32g4xx_hal_adc_ex.o ABSOLUTE
    ../Drivers/STM32G4xx_HAL_Driver/Src/stm32g4xx_hal_cortex.c 0x00000000   Number         0  stm32g4xx_hal_cortex.o ABSOLUTE
    ../Drivers/STM32G4xx_HAL_Driver/Src/stm32g4xx_hal_dma.c 0x00000000   Number         0  stm32g4xx_hal_dma.o ABSOLUTE
    ../Drivers/STM32G4xx_HAL_Driver/Src/stm32g4xx_hal_dma_ex.c 0x00000000   Number         0  stm32g4xx_hal_dma_ex.o ABSOLUTE
    ../Drivers/STM32G4xx_HAL_Driver/Src/stm32g4xx_hal_exti.c 0x00000000   Number         0  stm32g4xx_hal_exti.o ABSOLUTE
    ../Drivers/STM32G4xx_HAL_Driver/Src/stm32g4xx_hal_fdcan.c 0x00000000   Number         0  stm32g4xx_hal_fdcan.o ABSOLUTE
    ../Drivers/STM32G4xx_HAL_Driver/Src/stm32g4xx_hal_flash.c 0x00000000   Number         0  stm32g4xx_hal_flash.o ABSOLUTE
    ../Drivers/STM32G4xx_HAL_Driver/Src/stm32g4xx_hal_flash_ex.c 0x00000000   Number         0  stm32g4xx_hal_flash_ex.o ABSOLUTE
    ../Drivers/STM32G4xx_HAL_Driver/Src/stm32g4xx_hal_flash_ramfunc.c 0x00000000   Number         0  stm32g4xx_hal_flash_ramfunc.o ABSOLUTE
    ../Drivers/STM32G4xx_HAL_Driver/Src/stm32g4xx_hal_gpio.c 0x00000000   Number         0  stm32g4xx_hal_gpio.o ABSOLUTE
    ../Drivers/STM32G4xx_HAL_Driver/Src/stm32g4xx_hal_pwr.c 0x00000000   Number         0  stm32g4xx_hal_pwr.o ABSOLUTE
    ../Drivers/STM32G4xx_HAL_Driver/Src/stm32g4xx_hal_pwr_ex.c 0x00000000   Number         0  stm32g4xx_hal_pwr_ex.o ABSOLUTE
    ../Drivers/STM32G4xx_HAL_Driver/Src/stm32g4xx_hal_rcc.c 0x00000000   Number         0  stm32g4xx_hal_rcc.o ABSOLUTE
    ../Drivers/STM32G4xx_HAL_Driver/Src/stm32g4xx_hal_rcc_ex.c 0x00000000   Number         0  stm32g4xx_hal_rcc_ex.o ABSOLUTE
    ../Drivers/STM32G4xx_HAL_Driver/Src/stm32g4xx_ll_adc.c 0x00000000   Number         0  stm32g4xx_ll_adc.o ABSOLUTE
    ../clib/angel/boardlib.s                 0x00000000   Number         0  boardinit1.o ABSOLUTE
    ../clib/angel/boardlib.s                 0x00000000   Number         0  boardinit2.o ABSOLUTE
    ../clib/angel/boardlib.s                 0x00000000   Number         0  boardinit3.o ABSOLUTE
    ../clib/angel/boardlib.s                 0x00000000   Number         0  boardshut.o ABSOLUTE
    ../clib/angel/handlers.s                 0x00000000   Number         0  __scatter_copy.o ABSOLUTE
    ../clib/angel/handlers.s                 0x00000000   Number         0  __scatter_zi.o ABSOLUTE
    ../clib/angel/kernel.s                   0x00000000   Number         0  rtexit.o ABSOLUTE
    ../clib/angel/kernel.s                   0x00000000   Number         0  __rtentry4.o ABSOLUTE
    ../clib/angel/kernel.s                   0x00000000   Number         0  __rtentry.o ABSOLUTE
    ../clib/angel/kernel.s                   0x00000000   Number         0  __rtentry2.o ABSOLUTE
    ../clib/angel/kernel.s                   0x00000000   Number         0  rtexit2.o ABSOLUTE
    ../clib/angel/rt.s                       0x00000000   Number         0  rt_raise.o ABSOLUTE
    ../clib/angel/scatter.s                  0x00000000   Number         0  __scatter.o ABSOLUTE
    ../clib/angel/startup.s                  0x00000000   Number         0  __main.o ABSOLUTE
    ../clib/angel/sys.s                      0x00000000   Number         0  libspace.o ABSOLUTE
    ../clib/angel/sys.s                      0x00000000   Number         0  sys_stackheap_outer.o ABSOLUTE
    ../clib/angel/sys.s                      0x00000000   Number         0  indicate_semi.o ABSOLUTE
    ../clib/angel/sys.s                      0x00000000   Number         0  use_no_semi.o ABSOLUTE
    ../clib/angel/sysapp.c                   0x00000000   Number         0  sys_wrch.o ABSOLUTE
    ../clib/angel/sysapp.c                   0x00000000   Number         0  sys_exit.o ABSOLUTE
    ../clib/angel/sysapp.c                   0x00000000   Number         0  sys_command.o ABSOLUTE
    ../clib/armsys.c                         0x00000000   Number         0  argv_veneer.o ABSOLUTE
    ../clib/armsys.c                         0x00000000   Number         0  argv_veneer.o ABSOLUTE
    ../clib/armsys.c                         0x00000000   Number         0  no_argv.o ABSOLUTE
    ../clib/armsys.c                         0x00000000   Number         0  _get_argv_nomalloc.o ABSOLUTE
    ../clib/heapalloc.c                      0x00000000   Number         0  hrguard.o ABSOLUTE
    ../clib/heapaux.c                        0x00000000   Number         0  heapauxi.o ABSOLUTE
    ../clib/libinit.s                        0x00000000   Number         0  libinit2.o ABSOLUTE
    ../clib/libinit.s                        0x00000000   Number         0  libinit.o ABSOLUTE
    ../clib/libinit.s                        0x00000000   Number         0  libshutdown2.o ABSOLUTE
    ../clib/libinit.s                        0x00000000   Number         0  libshutdown.o ABSOLUTE
    ../clib/memcpset.s                       0x00000000   Number         0  rt_memclr_w.o ABSOLUTE
    ../clib/signal.c                         0x00000000   Number         0  defsig_other.o ABSOLUTE
    ../clib/signal.c                         0x00000000   Number         0  defsig_segv_inner.o ABSOLUTE
    ../clib/signal.c                         0x00000000   Number         0  defsig_cppl_inner.o ABSOLUTE
    ../clib/signal.c                         0x00000000   Number         0  defsig_pvfn_inner.o ABSOLUTE
    ../clib/signal.c                         0x00000000   Number         0  defsig_stak_inner.o ABSOLUTE
    ../clib/signal.c                         0x00000000   Number         0  defsig_fpe_inner.o ABSOLUTE
    ../clib/signal.c                         0x00000000   Number         0  defsig_abrt_inner.o ABSOLUTE
    ../clib/signal.c                         0x00000000   Number         0  defsig_general.o ABSOLUTE
    ../clib/signal.c                         0x00000000   Number         0  __raise.o ABSOLUTE
    ../clib/signal.c                         0x00000000   Number         0  defsig_rtmem_inner.o ABSOLUTE
    ../clib/signal.c                         0x00000000   Number         0  defsig_exit.o ABSOLUTE
    ../clib/signal.c                         0x00000000   Number         0  defsig_rtmem_formal.o ABSOLUTE
    ../clib/signal.c                         0x00000000   Number         0  defsig_rtmem_outer.o ABSOLUTE
    ../clib/signal.c                         0x00000000   Number         0  defsig_rtred_inner.o ABSOLUTE
    ../clib/signal.s                         0x00000000   Number         0  defsig.o ABSOLUTE
    ../clib/stdlib.c                         0x00000000   Number         0  exit.o ABSOLUTE
    ../fplib/fpinit.s                        0x00000000   Number         0  fpinit.o ABSOLUTE
    ..\Core\Src\adc.c                        0x00000000   Number         0  adc.o ABSOLUTE
    ..\Core\Src\dma.c                        0x00000000   Number         0  dma.o ABSOLUTE
    ..\Core\Src\fdcan.c                      0x00000000   Number         0  fdcan.o ABSOLUTE
    ..\Core\Src\gpio.c                       0x00000000   Number         0  gpio.o ABSOLUTE
    ..\Core\Src\main.c                       0x00000000   Number         0  main.o ABSOLUTE
    ..\Core\Src\spi.c                        0x00000000   Number         0  spi.o ABSOLUTE
    ..\Core\Src\stm32g4xx_hal_msp.c          0x00000000   Number         0  stm32g4xx_hal_msp.o ABSOLUTE
    ..\Core\Src\stm32g4xx_it.c               0x00000000   Number         0  stm32g4xx_it.o ABSOLUTE
    ..\Core\Src\system_stm32g4xx.c           0x00000000   Number         0  system_stm32g4xx.o ABSOLUTE
    ..\Core\Src\tim.c                        0x00000000   Number         0  tim.o ABSOLUTE
    ..\Drivers\STM32G4xx_HAL_Driver\Src\stm32g4xx_hal.c 0x00000000   Number         0  stm32g4xx_hal.o ABSOLUTE
    ..\Drivers\STM32G4xx_HAL_Driver\Src\stm32g4xx_hal_adc.c 0x00000000   Number         0  stm32g4xx_hal_adc.o ABSOLUTE
    ..\Drivers\STM32G4xx_HAL_Driver\Src\stm32g4xx_hal_adc_ex.c 0x00000000   Number         0  stm32g4xx_hal_adc_ex.o ABSOLUTE
    ..\Drivers\STM32G4xx_HAL_Driver\Src\stm32g4xx_hal_cortex.c 0x00000000   Number         0  stm32g4xx_hal_cortex.o ABSOLUTE
    ..\Drivers\STM32G4xx_HAL_Driver\Src\stm32g4xx_hal_dma.c 0x00000000   Number         0  stm32g4xx_hal_dma.o ABSOLUTE
    ..\Drivers\STM32G4xx_HAL_Driver\Src\stm32g4xx_hal_dma_ex.c 0x00000000   Number         0  stm32g4xx_hal_dma_ex.o ABSOLUTE
    ..\Drivers\STM32G4xx_HAL_Driver\Src\stm32g4xx_hal_exti.c 0x00000000   Number         0  stm32g4xx_hal_exti.o ABSOLUTE
    ..\Drivers\STM32G4xx_HAL_Driver\Src\stm32g4xx_hal_fdcan.c 0x00000000   Number         0  stm32g4xx_hal_fdcan.o ABSOLUTE
    ..\Drivers\STM32G4xx_HAL_Driver\Src\stm32g4xx_hal_flash.c 0x00000000   Number         0  stm32g4xx_hal_flash.o ABSOLUTE
    ..\Drivers\STM32G4xx_HAL_Driver\Src\stm32g4xx_hal_flash_ex.c 0x00000000   Number         0  stm32g4xx_hal_flash_ex.o ABSOLUTE
    ..\Drivers\STM32G4xx_HAL_Driver\Src\stm32g4xx_hal_flash_ramfunc.c 0x00000000   Number         0  stm32g4xx_hal_flash_ramfunc.o ABSOLUTE
    ..\Drivers\STM32G4xx_HAL_Driver\Src\stm32g4xx_hal_gpio.c 0x00000000   Number         0  stm32g4xx_hal_gpio.o ABSOLUTE
    ..\Drivers\STM32G4xx_HAL_Driver\Src\stm32g4xx_hal_pwr.c 0x00000000   Number         0  stm32g4xx_hal_pwr.o ABSOLUTE
    ..\Drivers\STM32G4xx_HAL_Driver\Src\stm32g4xx_hal_pwr_ex.c 0x00000000   Number         0  stm32g4xx_hal_pwr_ex.o ABSOLUTE
    ..\Drivers\STM32G4xx_HAL_Driver\Src\stm32g4xx_hal_rcc.c 0x00000000   Number         0  stm32g4xx_hal_rcc.o ABSOLUTE
    ..\Drivers\STM32G4xx_HAL_Driver\Src\stm32g4xx_hal_rcc_ex.c 0x00000000   Number         0  stm32g4xx_hal_rcc_ex.o ABSOLUTE
    ..\Drivers\STM32G4xx_HAL_Driver\Src\stm32g4xx_hal_spi.c 0x00000000   Number         0  stm32g4xx_hal_spi.o ABSOLUTE
    ..\Drivers\STM32G4xx_HAL_Driver\Src\stm32g4xx_hal_spi_ex.c 0x00000000   Number         0  stm32g4xx_hal_spi_ex.o ABSOLUTE
    ..\Drivers\STM32G4xx_HAL_Driver\Src\stm32g4xx_hal_tim.c 0x00000000   Number         0  stm32g4xx_hal_tim.o ABSOLUTE
    ..\Drivers\STM32G4xx_HAL_Driver\Src\stm32g4xx_hal_tim_ex.c 0x00000000   Number         0  stm32g4xx_hal_tim_ex.o ABSOLUTE
    ..\User\cc15000.c                        0x00000000   Number         0  cc15000.o ABSOLUTE
    ..\\Core\\Src\\spi.c                     0x00000000   Number         0  spi.o ABSOLUTE
    ..\\Core\\Src\\tim.c                     0x00000000   Number         0  tim.o ABSOLUTE
    ..\\Drivers\\STM32G4xx_HAL_Driver\\Src\\stm32g4xx_hal_spi.c 0x00000000   Number         0  stm32g4xx_hal_spi.o ABSOLUTE
    ..\\Drivers\\STM32G4xx_HAL_Driver\\Src\\stm32g4xx_hal_spi_ex.c 0x00000000   Number         0  stm32g4xx_hal_spi_ex.o ABSOLUTE
    ..\\Drivers\\STM32G4xx_HAL_Driver\\Src\\stm32g4xx_hal_tim.c 0x00000000   Number         0  stm32g4xx_hal_tim.o ABSOLUTE
    ..\\Drivers\\STM32G4xx_HAL_Driver\\Src\\stm32g4xx_hal_tim_ex.c 0x00000000   Number         0  stm32g4xx_hal_tim_ex.o ABSOLUTE
    ..\\User\\cc15000.c                      0x00000000   Number         0  cc15000.o ABSOLUTE
    dc.s                                     0x00000000   Number         0  dc.o ABSOLUTE
    startup_stm32g473xx.s                    0x00000000   Number         0  startup_stm32g473xx.o ABSOLUTE
    RESET                                    0x08000000   Section      472  startup_stm32g473xx.o(RESET)
    !!!main                                  0x080001d8   Section        8  __main.o(!!!main)
    !!!scatter                               0x080001e0   Section       52  __scatter.o(!!!scatter)
    !!handler_copy                           0x08000214   Section       26  __scatter_copy.o(!!handler_copy)
    !!handler_zi                             0x08000230   Section       28  __scatter_zi.o(!!handler_zi)
    .ARM.Collect$$libinit$$00000000          0x0800024c   Section        2  libinit.o(.ARM.Collect$$libinit$$00000000)
    .ARM.Collect$$libinit$$00000001          0x0800024e   Section        4  libinit2.o(.ARM.Collect$$libinit$$00000001)
    .ARM.Collect$$libinit$$00000004          0x08000252   Section        0  libinit2.o(.ARM.Collect$$libinit$$00000004)
    .ARM.Collect$$libinit$$0000000A          0x08000252   Section        0  libinit2.o(.ARM.Collect$$libinit$$0000000A)
    .ARM.Collect$$libinit$$0000000C          0x08000252   Section        0  libinit2.o(.ARM.Collect$$libinit$$0000000C)
    .ARM.Collect$$libinit$$0000000E          0x08000252   Section        0  libinit2.o(.ARM.Collect$$libinit$$0000000E)
    .ARM.Collect$$libinit$$00000011          0x08000252   Section        0  libinit2.o(.ARM.Collect$$libinit$$00000011)
    .ARM.Collect$$libinit$$00000013          0x08000252   Section        0  libinit2.o(.ARM.Collect$$libinit$$00000013)
    .ARM.Collect$$libinit$$00000015          0x08000252   Section        0  libinit2.o(.ARM.Collect$$libinit$$00000015)
    .ARM.Collect$$libinit$$00000017          0x08000252   Section        0  libinit2.o(.ARM.Collect$$libinit$$00000017)
    .ARM.Collect$$libinit$$00000019          0x08000252   Section        0  libinit2.o(.ARM.Collect$$libinit$$00000019)
    .ARM.Collect$$libinit$$0000001B          0x08000252   Section        0  libinit2.o(.ARM.Collect$$libinit$$0000001B)
    .ARM.Collect$$libinit$$0000001D          0x08000252   Section        0  libinit2.o(.ARM.Collect$$libinit$$0000001D)
    .ARM.Collect$$libinit$$0000001F          0x08000252   Section        0  libinit2.o(.ARM.Collect$$libinit$$0000001F)
    .ARM.Collect$$libinit$$00000021          0x08000252   Section        0  libinit2.o(.ARM.Collect$$libinit$$00000021)
    .ARM.Collect$$libinit$$00000023          0x08000252   Section        0  libinit2.o(.ARM.Collect$$libinit$$00000023)
    .ARM.Collect$$libinit$$00000025          0x08000252   Section        0  libinit2.o(.ARM.Collect$$libinit$$00000025)
    .ARM.Collect$$libinit$$0000002C          0x08000252   Section        0  libinit2.o(.ARM.Collect$$libinit$$0000002C)
    .ARM.Collect$$libinit$$0000002E          0x08000252   Section        0  libinit2.o(.ARM.Collect$$libinit$$0000002E)
    .ARM.Collect$$libinit$$00000030          0x08000252   Section        0  libinit2.o(.ARM.Collect$$libinit$$00000030)
    .ARM.Collect$$libinit$$00000032          0x08000252   Section        0  libinit2.o(.ARM.Collect$$libinit$$00000032)
    .ARM.Collect$$libinit$$00000033          0x08000252   Section        2  libinit2.o(.ARM.Collect$$libinit$$00000033)
    .ARM.Collect$$libshutdown$$00000000      0x08000254   Section        2  libshutdown.o(.ARM.Collect$$libshutdown$$00000000)
    .ARM.Collect$$libshutdown$$00000002      0x08000256   Section        0  libshutdown2.o(.ARM.Collect$$libshutdown$$00000002)
    .ARM.Collect$$libshutdown$$00000004      0x08000256   Section        0  libshutdown2.o(.ARM.Collect$$libshutdown$$00000004)
    .ARM.Collect$$libshutdown$$00000006      0x08000256   Section        0  libshutdown2.o(.ARM.Collect$$libshutdown$$00000006)
    .ARM.Collect$$libshutdown$$00000009      0x08000256   Section        0  libshutdown2.o(.ARM.Collect$$libshutdown$$00000009)
    .ARM.Collect$$libshutdown$$0000000C      0x08000256   Section        0  libshutdown2.o(.ARM.Collect$$libshutdown$$0000000C)
    .ARM.Collect$$libshutdown$$0000000E      0x08000256   Section        0  libshutdown2.o(.ARM.Collect$$libshutdown$$0000000E)
    .ARM.Collect$$libshutdown$$00000011      0x08000256   Section        0  libshutdown2.o(.ARM.Collect$$libshutdown$$00000011)
    .ARM.Collect$$libshutdown$$00000012      0x08000256   Section        2  libshutdown2.o(.ARM.Collect$$libshutdown$$00000012)
    .ARM.Collect$$rtentry$$00000000          0x08000258   Section        0  __rtentry.o(.ARM.Collect$$rtentry$$00000000)
    .ARM.Collect$$rtentry$$00000002          0x08000258   Section        0  __rtentry2.o(.ARM.Collect$$rtentry$$00000002)
    .ARM.Collect$$rtentry$$00000004          0x08000258   Section        6  __rtentry4.o(.ARM.Collect$$rtentry$$00000004)
    .ARM.Collect$$rtentry$$00000009          0x0800025e   Section        0  __rtentry2.o(.ARM.Collect$$rtentry$$00000009)
    .ARM.Collect$$rtentry$$0000000A          0x0800025e   Section        4  __rtentry2.o(.ARM.Collect$$rtentry$$0000000A)
    .ARM.Collect$$rtentry$$0000000C          0x08000262   Section        0  __rtentry2.o(.ARM.Collect$$rtentry$$0000000C)
    .ARM.Collect$$rtentry$$0000000D          0x08000262   Section        8  __rtentry2.o(.ARM.Collect$$rtentry$$0000000D)
    .ARM.Collect$$rtexit$$00000000           0x0800026a   Section        2  rtexit.o(.ARM.Collect$$rtexit$$00000000)
    .ARM.Collect$$rtexit$$00000002           0x0800026c   Section        0  rtexit2.o(.ARM.Collect$$rtexit$$00000002)
    .ARM.Collect$$rtexit$$00000003           0x0800026c   Section        4  rtexit2.o(.ARM.Collect$$rtexit$$00000003)
    .ARM.Collect$$rtexit$$00000004           0x08000270   Section        6  rtexit2.o(.ARM.Collect$$rtexit$$00000004)
    .text                                    0x08000278   Section       64  startup_stm32g473xx.o(.text)
    $v0                                      0x08000278   Number         0  startup_stm32g473xx.o(.text)
    .text                                    0x080002b8   Section       78  rt_memclr_w.o(.text)
    .text                                    0x08000306   Section        0  heapauxi.o(.text)
    .text                                    0x0800030c   Section       74  sys_stackheap_outer.o(.text)
    .text                                    0x08000356   Section        0  exit.o(.text)
    .text                                    0x08000368   Section        8  libspace.o(.text)
    .text                                    0x08000370   Section        0  sys_exit.o(.text)
    .text                                    0x0800037c   Section        2  use_no_semi.o(.text)
    .text                                    0x0800037e   Section        0  indicate_semi.o(.text)
    i.BigEndianToUint32                      0x0800037e   Section        0  cc15000.o(i.BigEndianToUint32)
    BigEndianToUint32                        0x0800037f   Thumb Code    24  cc15000.o(i.BigEndianToUint32)
    i.BusFault_Handler                       0x08000396   Section        0  stm32g4xx_it.o(i.BusFault_Handler)
    i.CAN1_Receive                           0x0800039c   Section        0  cc15000.o(i.CAN1_Receive)
    i.CAN2_Receive                           0x080004c4   Section        0  cc15000.o(i.CAN2_Receive)
    i.DMA1_Channel3_IRQHandler               0x080004dc   Section        0  stm32g4xx_it.o(i.DMA1_Channel3_IRQHandler)
    i.DMA1_Channel4_IRQHandler               0x080004ec   Section        0  stm32g4xx_it.o(i.DMA1_Channel4_IRQHandler)
    i.DMA1_Channel6_IRQHandler               0x080004fc   Section        0  stm32g4xx_it.o(i.DMA1_Channel6_IRQHandler)
    i.DebugMon_Handler                       0x0800050c   Section        0  stm32g4xx_it.o(i.DebugMon_Handler)
    i.DecodeModuleFaultStatus                0x08000510   Section        0  cc15000.o(i.DecodeModuleFaultStatus)
    DecodeModuleFaultStatus                  0x08000511   Thumb Code   142  cc15000.o(i.DecodeModuleFaultStatus)
    i.Error_Handler                          0x080005a4   Section        0  main.o(i.Error_Handler)
    i.FDCAN1_IT0_IRQHandler                  0x080005ac   Section        0  stm32g4xx_it.o(i.FDCAN1_IT0_IRQHandler)
    i.FDCAN1_ProcessRx                       0x080005bc   Section        0  fdcan.o(i.FDCAN1_ProcessRx)
    i.FDCAN1_Query_Current                   0x08000624   Section        0  cc15000.o(i.FDCAN1_Query_Current)
    i.FDCAN1_Query_State                     0x08000650   Section        0  cc15000.o(i.FDCAN1_Query_State)
    i.FDCAN1_Query_Temp                      0x0800067c   Section        0  cc15000.o(i.FDCAN1_Query_Temp)
    i.FDCAN1_Query_Voltage                   0x080006a8   Section        0  cc15000.o(i.FDCAN1_Query_Voltage)
    i.FDCAN1_SendExtCanMsg                   0x080006d4   Section        0  fdcan.o(i.FDCAN1_SendExtCanMsg)
    i.FDCAN1_Send_Cur                        0x0800075c   Section        0  cc15000.o(i.FDCAN1_Send_Cur)
    i.FDCAN1_Send_ON                         0x08000790   Section        0  cc15000.o(i.FDCAN1_Send_ON)
    i.FDCAN1_Send_Vol                        0x080007bc   Section        0  cc15000.o(i.FDCAN1_Send_Vol)
    i.FDCAN2_IT0_IRQHandler                  0x080007f0   Section        0  stm32g4xx_it.o(i.FDCAN2_IT0_IRQHandler)
    i.FDCAN2_ProcessRx                       0x08000800   Section        0  fdcan.o(i.FDCAN2_ProcessRx)
    i.FDCAN3_IT0_IRQHandler                  0x08000868   Section        0  stm32g4xx_it.o(i.FDCAN3_IT0_IRQHandler)
    i.FDCAN_CalcultateRamBlockAddresses      0x08000878   Section        0  stm32g4xx_hal_fdcan.o(i.FDCAN_CalcultateRamBlockAddresses)
    FDCAN_CalcultateRamBlockAddresses        0x08000879   Thumb Code   120  stm32g4xx_hal_fdcan.o(i.FDCAN_CalcultateRamBlockAddresses)
    i.FDCAN_CopyMessageToRAM                 0x080008fc   Section        0  stm32g4xx_hal_fdcan.o(i.FDCAN_CopyMessageToRAM)
    FDCAN_CopyMessageToRAM                   0x080008fd   Thumb Code   198  stm32g4xx_hal_fdcan.o(i.FDCAN_CopyMessageToRAM)
    i.FDCAN_DlcToByteLen                     0x080009c8   Section        0  fdcan.o(i.FDCAN_DlcToByteLen)
    FDCAN_DlcToByteLen                       0x080009c9   Thumb Code    94  fdcan.o(i.FDCAN_DlcToByteLen)
    i.FDCAN_StartAll                         0x08000a28   Section        0  fdcan.o(i.FDCAN_StartAll)
    i.HAL_DMA_IRQHandler                     0x08000a50   Section        0  stm32g4xx_hal_dma.o(i.HAL_DMA_IRQHandler)
    i.HAL_Delay                              0x08000b50   Section        0  stm32g4xx_hal.o(i.HAL_Delay)
    i.HAL_FDCAN_ActivateNotification         0x08000b78   Section        0  stm32g4xx_hal_fdcan.o(i.HAL_FDCAN_ActivateNotification)
    i.HAL_FDCAN_AddMessageToTxFifoQ          0x08000c9a   Section        0  stm32g4xx_hal_fdcan.o(i.HAL_FDCAN_AddMessageToTxFifoQ)
    i.HAL_FDCAN_ConfigGlobalFilter           0x08000d04   Section        0  stm32g4xx_hal_fdcan.o(i.HAL_FDCAN_ConfigGlobalFilter)
    i.HAL_FDCAN_ErrorCallback                0x08000d40   Section        0  stm32g4xx_hal_fdcan.o(i.HAL_FDCAN_ErrorCallback)
    i.HAL_FDCAN_ErrorStatusCallback          0x08000d42   Section        0  stm32g4xx_hal_fdcan.o(i.HAL_FDCAN_ErrorStatusCallback)
    i.HAL_FDCAN_GetRxFifoFillLevel           0x08000d44   Section        0  stm32g4xx_hal_fdcan.o(i.HAL_FDCAN_GetRxFifoFillLevel)
    i.HAL_FDCAN_GetRxMessage                 0x08000d64   Section        0  stm32g4xx_hal_fdcan.o(i.HAL_FDCAN_GetRxMessage)
    i.HAL_FDCAN_HighPriorityMessageCallback  0x08000eb8   Section        0  stm32g4xx_hal_fdcan.o(i.HAL_FDCAN_HighPriorityMessageCallback)
    i.HAL_FDCAN_IRQHandler                   0x08000eba   Section        0  stm32g4xx_hal_fdcan.o(i.HAL_FDCAN_IRQHandler)
    i.HAL_FDCAN_Init                         0x08001064   Section        0  stm32g4xx_hal_fdcan.o(i.HAL_FDCAN_Init)
    i.HAL_FDCAN_MspInit                      0x0800127c   Section        0  fdcan.o(i.HAL_FDCAN_MspInit)
    i.HAL_FDCAN_RxFifo0Callback              0x0800146c   Section        0  fdcan.o(i.HAL_FDCAN_RxFifo0Callback)
    i.HAL_FDCAN_RxFifo1Callback              0x080014a0   Section        0  stm32g4xx_hal_fdcan.o(i.HAL_FDCAN_RxFifo1Callback)
    i.HAL_FDCAN_Start                        0x080014a2   Section        0  stm32g4xx_hal_fdcan.o(i.HAL_FDCAN_Start)
    i.HAL_FDCAN_TimeoutOccurredCallback      0x080014d0   Section        0  stm32g4xx_hal_fdcan.o(i.HAL_FDCAN_TimeoutOccurredCallback)
    i.HAL_FDCAN_TimestampWraparoundCallback  0x080014d2   Section        0  stm32g4xx_hal_fdcan.o(i.HAL_FDCAN_TimestampWraparoundCallback)
    i.HAL_FDCAN_TxBufferAbortCallback        0x080014d4   Section        0  stm32g4xx_hal_fdcan.o(i.HAL_FDCAN_TxBufferAbortCallback)
    i.HAL_FDCAN_TxBufferCompleteCallback     0x080014d6   Section        0  stm32g4xx_hal_fdcan.o(i.HAL_FDCAN_TxBufferCompleteCallback)
    i.HAL_FDCAN_TxEventFifoCallback          0x080014d8   Section        0  stm32g4xx_hal_fdcan.o(i.HAL_FDCAN_TxEventFifoCallback)
    i.HAL_FDCAN_TxFifoEmptyCallback          0x080014da   Section        0  stm32g4xx_hal_fdcan.o(i.HAL_FDCAN_TxFifoEmptyCallback)
    i.HAL_GPIO_Init                          0x080014dc   Section        0  stm32g4xx_hal_gpio.o(i.HAL_GPIO_Init)
    i.HAL_GPIO_WritePin                      0x080016b8   Section        0  stm32g4xx_hal_gpio.o(i.HAL_GPIO_WritePin)
    i.HAL_GetTick                            0x080016c4   Section        0  stm32g4xx_hal.o(i.HAL_GetTick)
    i.HAL_IncTick                            0x080016d0   Section        0  stm32g4xx_hal.o(i.HAL_IncTick)
    i.HAL_Init                               0x080016e8   Section        0  stm32g4xx_hal.o(i.HAL_Init)
    i.HAL_InitTick                           0x08001708   Section        0  stm32g4xx_hal.o(i.HAL_InitTick)
    i.HAL_MspInit                            0x08001760   Section        0  stm32g4xx_hal_msp.o(i.HAL_MspInit)
    i.HAL_NVIC_EnableIRQ                     0x080017a4   Section        0  stm32g4xx_hal_cortex.o(i.HAL_NVIC_EnableIRQ)
    i.HAL_NVIC_SetPriority                   0x080017cc   Section        0  stm32g4xx_hal_cortex.o(i.HAL_NVIC_SetPriority)
    i.HAL_NVIC_SetPriorityGrouping           0x08001848   Section        0  stm32g4xx_hal_cortex.o(i.HAL_NVIC_SetPriorityGrouping)
    i.HAL_PWREx_ControlVoltageScaling        0x08001870   Section        0  stm32g4xx_hal_pwr_ex.o(i.HAL_PWREx_ControlVoltageScaling)
    i.HAL_PWREx_DisableUCPDDeadBattery       0x08001988   Section        0  stm32g4xx_hal_pwr_ex.o(i.HAL_PWREx_DisableUCPDDeadBattery)
    i.HAL_RCCEx_PeriphCLKConfig              0x0800199c   Section        0  stm32g4xx_hal_rcc_ex.o(i.HAL_RCCEx_PeriphCLKConfig)
    i.HAL_RCC_ClockConfig                    0x08001db4   Section        0  stm32g4xx_hal_rcc.o(i.HAL_RCC_ClockConfig)
    i.HAL_RCC_GetSysClockFreq                0x08001fd8   Section        0  stm32g4xx_hal_rcc.o(i.HAL_RCC_GetSysClockFreq)
    i.HAL_RCC_OscConfig                      0x08002070   Section        0  stm32g4xx_hal_rcc.o(i.HAL_RCC_OscConfig)
    i.HAL_SYSTICK_Config                     0x080025cc   Section        0  stm32g4xx_hal_cortex.o(i.HAL_SYSTICK_Config)
    i.HAL_TIMEx_Break2Callback               0x08002600   Section        0  stm32g4xx_hal_tim_ex.o(i.HAL_TIMEx_Break2Callback)
    i.HAL_TIMEx_BreakCallback                0x08002602   Section        0  stm32g4xx_hal_tim_ex.o(i.HAL_TIMEx_BreakCallback)
    i.HAL_TIMEx_CommutCallback               0x08002604   Section        0  stm32g4xx_hal_tim_ex.o(i.HAL_TIMEx_CommutCallback)
    i.HAL_TIMEx_DirectionChangeCallback      0x08002606   Section        0  stm32g4xx_hal_tim_ex.o(i.HAL_TIMEx_DirectionChangeCallback)
    i.HAL_TIMEx_EncoderIndexCallback         0x08002608   Section        0  stm32g4xx_hal_tim_ex.o(i.HAL_TIMEx_EncoderIndexCallback)
    i.HAL_TIMEx_IndexErrorCallback           0x0800260a   Section        0  stm32g4xx_hal_tim_ex.o(i.HAL_TIMEx_IndexErrorCallback)
    i.HAL_TIMEx_TransitionErrorCallback      0x0800260c   Section        0  stm32g4xx_hal_tim_ex.o(i.HAL_TIMEx_TransitionErrorCallback)
    i.HAL_TIM_Base_Init                      0x0800260e   Section        0  stm32g4xx_hal_tim.o(i.HAL_TIM_Base_Init)
    i.HAL_TIM_Base_MspInit                   0x0800267c   Section        0  tim.o(i.HAL_TIM_Base_MspInit)
    i.HAL_TIM_Base_Start_IT                  0x080026bc   Section        0  stm32g4xx_hal_tim.o(i.HAL_TIM_Base_Start_IT)
    i.HAL_TIM_IC_CaptureCallback             0x08002770   Section        0  stm32g4xx_hal_tim.o(i.HAL_TIM_IC_CaptureCallback)
    i.HAL_TIM_IRQHandler                     0x08002772   Section        0  stm32g4xx_hal_tim.o(i.HAL_TIM_IRQHandler)
    i.HAL_TIM_OC_DelayElapsedCallback        0x08002992   Section        0  stm32g4xx_hal_tim.o(i.HAL_TIM_OC_DelayElapsedCallback)
    i.HAL_TIM_PWM_PulseFinishedCallback      0x08002994   Section        0  stm32g4xx_hal_tim.o(i.HAL_TIM_PWM_PulseFinishedCallback)
    i.HAL_TIM_PeriodElapsedCallback          0x08002998   Section        0  tim.o(i.HAL_TIM_PeriodElapsedCallback)
    i.HAL_TIM_TriggerCallback                0x08002a3c   Section        0  stm32g4xx_hal_tim.o(i.HAL_TIM_TriggerCallback)
    i.HardFault_Handler                      0x08002a3e   Section        0  stm32g4xx_it.o(i.HardFault_Handler)
    i.MX_DMA_Init                            0x08002a44   Section        0  dma.o(i.MX_DMA_Init)
    i.MX_FDCAN1_Init                         0x08002ab4   Section        0  fdcan.o(i.MX_FDCAN1_Init)
    i.MX_FDCAN2_Init                         0x08002b1c   Section        0  fdcan.o(i.MX_FDCAN2_Init)
    i.MX_GPIO_Init                           0x08002b84   Section        0  gpio.o(i.MX_GPIO_Init)
    i.MX_TIM2_Init                           0x08002ca8   Section        0  tim.o(i.MX_TIM2_Init)
    i.MemManage_Handler                      0x08002cd8   Section        0  stm32g4xx_it.o(i.MemManage_Handler)
    i.NMI_Handler                            0x08002cdc   Section        0  stm32g4xx_it.o(i.NMI_Handler)
    i.PendSV_Handler                         0x08002ce0   Section        0  stm32g4xx_it.o(i.PendSV_Handler)
    i.RCC_GetSysClockFreqFromPLLSource       0x08002ce4   Section        0  stm32g4xx_hal_rcc.o(i.RCC_GetSysClockFreqFromPLLSource)
    RCC_GetSysClockFreqFromPLLSource         0x08002ce5   Thumb Code    90  stm32g4xx_hal_rcc.o(i.RCC_GetSysClockFreqFromPLLSource)
    i.SVC_Handler                            0x08002d4c   Section        0  stm32g4xx_it.o(i.SVC_Handler)
    i.SysTick_Handler                        0x08002d4e   Section        0  stm32g4xx_it.o(i.SysTick_Handler)
    i.SystemClock_Config                     0x08002d56   Section        0  main.o(i.SystemClock_Config)
    i.SystemInit                             0x08002dc4   Section        0  system_stm32g4xx.o(i.SystemInit)
    i.TIM2_IRQHandler                        0x08002dd8   Section        0  stm32g4xx_it.o(i.TIM2_IRQHandler)
    i.TIM_Base_SetConfig                     0x08002de8   Section        0  stm32g4xx_hal_tim.o(i.TIM_Base_SetConfig)
    i.Uint32ToBigEndian                      0x08002ed0   Section        0  cc15000.o(i.Uint32ToBigEndian)
    Uint32ToBigEndian                        0x08002ed1   Thumb Code    16  cc15000.o(i.Uint32ToBigEndian)
    i.UsageFault_Handler                     0x08002ee0   Section        0  stm32g4xx_it.o(i.UsageFault_Handler)
    i.__NVIC_GetPriorityGrouping             0x08002ee4   Section        0  stm32g4xx_hal_cortex.o(i.__NVIC_GetPriorityGrouping)
    __NVIC_GetPriorityGrouping               0x08002ee5   Thumb Code    10  stm32g4xx_hal_cortex.o(i.__NVIC_GetPriorityGrouping)
    i.__NVIC_SetPriority                     0x08002ef4   Section        0  stm32g4xx_hal_cortex.o(i.__NVIC_SetPriority)
    __NVIC_SetPriority                       0x08002ef5   Thumb Code    32  stm32g4xx_hal_cortex.o(i.__NVIC_SetPriority)
    i.main                                   0x08002f1c   Section        0  main.o(i.main)
    x$fpl$fpinit                             0x08002fc8   Section       10  fpinit.o(x$fpl$fpinit)
    $v0                                      0x08002fc8   Number         0  fpinit.o(x$fpl$fpinit)
    .constdata                               0x08002fd2   Section       16  stm32g4xx_hal_fdcan.o(.constdata)
    DLCtoBytes                               0x08002fd2   Data          16  stm32g4xx_hal_fdcan.o(.constdata)
    .constdata                               0x08002fe2   Section       24  system_stm32g4xx.o(.constdata)
    .data                                    0x20000000   Section        2  main.o(.data)
    .data                                    0x20000004   Section        9  fdcan.o(.data)
    HAL_RCC_FDCAN_CLK_ENABLED                0x20000008   Data           4  fdcan.o(.data)
    .data                                    0x20000010   Section       12  stm32g4xx_hal.o(.data)
    .data                                    0x2000001c   Section        4  system_stm32g4xx.o(.data)
    .bss                                     0x20000020   Section      612  adc.o(.bss)
    .bss                                     0x20000284   Section      544  fdcan.o(.bss)
    RxHeader1                                0x200003d4   Data          40  fdcan.o(.bss)
    RxHeader2                                0x200003fc   Data          40  fdcan.o(.bss)
    RxData1                                  0x20000424   Data          64  fdcan.o(.bss)
    RxData2                                  0x20000464   Data          64  fdcan.o(.bss)
    .bss                                     0x200004a4   Section       88  tim.o(.bss)
    .bss                                     0x200004fc   Section       56  cc15000.o(.bss)
    .bss                                     0x20000534   Section       96  libspace.o(.bss)
    HEAP                                     0x20000598   Section      512  startup_stm32g473xx.o(HEAP)
    Heap_Mem                                 0x20000598   Data         512  startup_stm32g473xx.o(HEAP)
    STACK                                    0x20000798   Section     1024  startup_stm32g473xx.o(STACK)
    Stack_Mem                                0x20000798   Data        1024  startup_stm32g473xx.o(STACK)
    __initial_sp                             0x20000b98   Data           0  startup_stm32g473xx.o(STACK)

    Global Symbols

    Symbol Name                              Value     Ov Type        Size  Object(Section)

    BuildAttributes$$THM_ISAv4$E$P$D$K$B$S$7EM$VFPi3$EXTD16$VFPS$VFMA$PE$A:L22UL41UL21$X:L11$S22US41US21$IEEE1$IW$USESV6$~STKCKD$USESV7$~SHL$OSPACE$ROPI$EBA8$UX$STANDARDLIB$REQ8$PRES8$EABIv2 0x00000000   Number         0  anon$$obj.o ABSOLUTE
    __ARM_use_no_argv                        0x00000000   Number         0  main.o ABSOLUTE
    __ARM_exceptions_init                     - Undefined Weak Reference
    __alloca_initialize                       - Undefined Weak Reference
    __arm_fini_                               - Undefined Weak Reference
    __arm_preinit_                            - Undefined Weak Reference
    __cpp_initialize__aeabi_                  - Undefined Weak Reference
    __cxa_finalize                            - Undefined Weak Reference
    __rt_locale                               - Undefined Weak Reference
    __sigvec_lookup                           - Undefined Weak Reference
    _atexit_init                              - Undefined Weak Reference
    _call_atexit_fns                          - Undefined Weak Reference
    _clock_init                               - Undefined Weak Reference
    _fp_trap_init                             - Undefined Weak Reference
    _fp_trap_shutdown                         - Undefined Weak Reference
    _get_lc_collate                           - Undefined Weak Reference
    _get_lc_ctype                             - Undefined Weak Reference
    _get_lc_monetary                          - Undefined Weak Reference
    _get_lc_numeric                           - Undefined Weak Reference
    _get_lc_time                              - Undefined Weak Reference
    _getenv_init                              - Undefined Weak Reference
    _handle_redirection                       - Undefined Weak Reference
    _init_alloc                               - Undefined Weak Reference
    _init_user_alloc                          - Undefined Weak Reference
    _initio                                   - Undefined Weak Reference
    _rand_init                                - Undefined Weak Reference
    _signal_finish                            - Undefined Weak Reference
    _signal_init                              - Undefined Weak Reference
    _terminate_alloc                          - Undefined Weak Reference
    _terminate_user_alloc                     - Undefined Weak Reference
    _terminateio                              - Undefined Weak Reference
    __Vectors_Size                           0x000001d8   Number         0  startup_stm32g473xx.o ABSOLUTE
    __Vectors                                0x08000000   Data           4  startup_stm32g473xx.o(RESET)
    __Vectors_End                            0x080001d8   Data           0  startup_stm32g473xx.o(RESET)
    __main                                   0x080001d9   Thumb Code     8  __main.o(!!!main)
    __scatterload                            0x080001e1   Thumb Code     0  __scatter.o(!!!scatter)
    __scatterload_rt2                        0x080001e1   Thumb Code    44  __scatter.o(!!!scatter)
    __scatterload_rt2_thumb_only             0x080001e1   Thumb Code     0  __scatter.o(!!!scatter)
    __scatterload_null                       0x080001ef   Thumb Code     0  __scatter.o(!!!scatter)
    __scatterload_copy                       0x08000215   Thumb Code    26  __scatter_copy.o(!!handler_copy)
    __scatterload_zeroinit                   0x08000231   Thumb Code    28  __scatter_zi.o(!!handler_zi)
    __rt_lib_init                            0x0800024d   Thumb Code     0  libinit.o(.ARM.Collect$$libinit$$00000000)
    __rt_lib_init_fp_1                       0x0800024f   Thumb Code     0  libinit2.o(.ARM.Collect$$libinit$$00000001)
    __rt_lib_init_alloca_1                   0x08000253   Thumb Code     0  libinit2.o(.ARM.Collect$$libinit$$0000002E)
    __rt_lib_init_argv_1                     0x08000253   Thumb Code     0  libinit2.o(.ARM.Collect$$libinit$$0000002C)
    __rt_lib_init_atexit_1                   0x08000253   Thumb Code     0  libinit2.o(.ARM.Collect$$libinit$$0000001B)
    __rt_lib_init_clock_1                    0x08000253   Thumb Code     0  libinit2.o(.ARM.Collect$$libinit$$00000021)
    __rt_lib_init_cpp_1                      0x08000253   Thumb Code     0  libinit2.o(.ARM.Collect$$libinit$$00000032)
    __rt_lib_init_exceptions_1               0x08000253   Thumb Code     0  libinit2.o(.ARM.Collect$$libinit$$00000030)
    __rt_lib_init_fp_trap_1                  0x08000253   Thumb Code     0  libinit2.o(.ARM.Collect$$libinit$$0000001F)
    __rt_lib_init_getenv_1                   0x08000253   Thumb Code     0  libinit2.o(.ARM.Collect$$libinit$$00000023)
    __rt_lib_init_heap_1                     0x08000253   Thumb Code     0  libinit2.o(.ARM.Collect$$libinit$$0000000A)
    __rt_lib_init_lc_collate_1               0x08000253   Thumb Code     0  libinit2.o(.ARM.Collect$$libinit$$00000011)
    __rt_lib_init_lc_ctype_1                 0x08000253   Thumb Code     0  libinit2.o(.ARM.Collect$$libinit$$00000013)
    __rt_lib_init_lc_monetary_1              0x08000253   Thumb Code     0  libinit2.o(.ARM.Collect$$libinit$$00000015)
    __rt_lib_init_lc_numeric_1               0x08000253   Thumb Code     0  libinit2.o(.ARM.Collect$$libinit$$00000017)
    __rt_lib_init_lc_time_1                  0x08000253   Thumb Code     0  libinit2.o(.ARM.Collect$$libinit$$00000019)
    __rt_lib_init_preinit_1                  0x08000253   Thumb Code     0  libinit2.o(.ARM.Collect$$libinit$$00000004)
    __rt_lib_init_rand_1                     0x08000253   Thumb Code     0  libinit2.o(.ARM.Collect$$libinit$$0000000E)
    __rt_lib_init_return                     0x08000253   Thumb Code     0  libinit2.o(.ARM.Collect$$libinit$$00000033)
    __rt_lib_init_signal_1                   0x08000253   Thumb Code     0  libinit2.o(.ARM.Collect$$libinit$$0000001D)
    __rt_lib_init_stdio_1                    0x08000253   Thumb Code     0  libinit2.o(.ARM.Collect$$libinit$$00000025)
    __rt_lib_init_user_alloc_1               0x08000253   Thumb Code     0  libinit2.o(.ARM.Collect$$libinit$$0000000C)
    __rt_lib_shutdown                        0x08000255   Thumb Code     0  libshutdown.o(.ARM.Collect$$libshutdown$$00000000)
    __rt_lib_shutdown_cpp_1                  0x08000257   Thumb Code     0  libshutdown2.o(.ARM.Collect$$libshutdown$$00000004)
    __rt_lib_shutdown_fini_1                 0x08000257   Thumb Code     0  libshutdown2.o(.ARM.Collect$$libshutdown$$00000002)
    __rt_lib_shutdown_fp_trap_1              0x08000257   Thumb Code     0  libshutdown2.o(.ARM.Collect$$libshutdown$$00000009)
    __rt_lib_shutdown_heap_1                 0x08000257   Thumb Code     0  libshutdown2.o(.ARM.Collect$$libshutdown$$00000011)
    __rt_lib_shutdown_return                 0x08000257   Thumb Code     0  libshutdown2.o(.ARM.Collect$$libshutdown$$00000012)
    __rt_lib_shutdown_signal_1               0x08000257   Thumb Code     0  libshutdown2.o(.ARM.Collect$$libshutdown$$0000000C)
    __rt_lib_shutdown_stdio_1                0x08000257   Thumb Code     0  libshutdown2.o(.ARM.Collect$$libshutdown$$00000006)
    __rt_lib_shutdown_user_alloc_1           0x08000257   Thumb Code     0  libshutdown2.o(.ARM.Collect$$libshutdown$$0000000E)
    __rt_entry                               0x08000259   Thumb Code     0  __rtentry.o(.ARM.Collect$$rtentry$$00000000)
    __rt_entry_presh_1                       0x08000259   Thumb Code     0  __rtentry2.o(.ARM.Collect$$rtentry$$00000002)
    __rt_entry_sh                            0x08000259   Thumb Code     0  __rtentry4.o(.ARM.Collect$$rtentry$$00000004)
    __rt_entry_li                            0x0800025f   Thumb Code     0  __rtentry2.o(.ARM.Collect$$rtentry$$0000000A)
    __rt_entry_postsh_1                      0x0800025f   Thumb Code     0  __rtentry2.o(.ARM.Collect$$rtentry$$00000009)
    __rt_entry_main                          0x08000263   Thumb Code     0  __rtentry2.o(.ARM.Collect$$rtentry$$0000000D)
    __rt_entry_postli_1                      0x08000263   Thumb Code     0  __rtentry2.o(.ARM.Collect$$rtentry$$0000000C)
    __rt_exit                                0x0800026b   Thumb Code     0  rtexit.o(.ARM.Collect$$rtexit$$00000000)
    __rt_exit_ls                             0x0800026d   Thumb Code     0  rtexit2.o(.ARM.Collect$$rtexit$$00000003)
    __rt_exit_prels_1                        0x0800026d   Thumb Code     0  rtexit2.o(.ARM.Collect$$rtexit$$00000002)
    __rt_exit_exit                           0x08000271   Thumb Code     0  rtexit2.o(.ARM.Collect$$rtexit$$00000004)
    Reset_Handler                            0x08000279   Thumb Code     8  startup_stm32g473xx.o(.text)
    ADC1_2_IRQHandler                        0x08000293   Thumb Code     0  startup_stm32g473xx.o(.text)
    ADC3_IRQHandler                          0x08000293   Thumb Code     0  startup_stm32g473xx.o(.text)
    ADC4_IRQHandler                          0x08000293   Thumb Code     0  startup_stm32g473xx.o(.text)
    ADC5_IRQHandler                          0x08000293   Thumb Code     0  startup_stm32g473xx.o(.text)
    COMP1_2_3_IRQHandler                     0x08000293   Thumb Code     0  startup_stm32g473xx.o(.text)
    COMP4_5_6_IRQHandler                     0x08000293   Thumb Code     0  startup_stm32g473xx.o(.text)
    COMP7_IRQHandler                         0x08000293   Thumb Code     0  startup_stm32g473xx.o(.text)
    CORDIC_IRQHandler                        0x08000293   Thumb Code     0  startup_stm32g473xx.o(.text)
    CRS_IRQHandler                           0x08000293   Thumb Code     0  startup_stm32g473xx.o(.text)
    DMA1_Channel1_IRQHandler                 0x08000293   Thumb Code     0  startup_stm32g473xx.o(.text)
    DMA1_Channel2_IRQHandler                 0x08000293   Thumb Code     0  startup_stm32g473xx.o(.text)
    DMA1_Channel5_IRQHandler                 0x08000293   Thumb Code     0  startup_stm32g473xx.o(.text)
    DMA1_Channel7_IRQHandler                 0x08000293   Thumb Code     0  startup_stm32g473xx.o(.text)
    DMA1_Channel8_IRQHandler                 0x08000293   Thumb Code     0  startup_stm32g473xx.o(.text)
    DMA2_Channel1_IRQHandler                 0x08000293   Thumb Code     0  startup_stm32g473xx.o(.text)
    DMA2_Channel2_IRQHandler                 0x08000293   Thumb Code     0  startup_stm32g473xx.o(.text)
    DMA2_Channel3_IRQHandler                 0x08000293   Thumb Code     0  startup_stm32g473xx.o(.text)
    DMA2_Channel4_IRQHandler                 0x08000293   Thumb Code     0  startup_stm32g473xx.o(.text)
    DMA2_Channel5_IRQHandler                 0x08000293   Thumb Code     0  startup_stm32g473xx.o(.text)
    DMA2_Channel6_IRQHandler                 0x08000293   Thumb Code     0  startup_stm32g473xx.o(.text)
    DMA2_Channel7_IRQHandler                 0x08000293   Thumb Code     0  startup_stm32g473xx.o(.text)
    DMA2_Channel8_IRQHandler                 0x08000293   Thumb Code     0  startup_stm32g473xx.o(.text)
    DMAMUX_OVR_IRQHandler                    0x08000293   Thumb Code     0  startup_stm32g473xx.o(.text)
    EXTI0_IRQHandler                         0x08000293   Thumb Code     0  startup_stm32g473xx.o(.text)
    EXTI15_10_IRQHandler                     0x08000293   Thumb Code     0  startup_stm32g473xx.o(.text)
    EXTI1_IRQHandler                         0x08000293   Thumb Code     0  startup_stm32g473xx.o(.text)
    EXTI2_IRQHandler                         0x08000293   Thumb Code     0  startup_stm32g473xx.o(.text)
    EXTI3_IRQHandler                         0x08000293   Thumb Code     0  startup_stm32g473xx.o(.text)
    EXTI4_IRQHandler                         0x08000293   Thumb Code     0  startup_stm32g473xx.o(.text)
    EXTI9_5_IRQHandler                       0x08000293   Thumb Code     0  startup_stm32g473xx.o(.text)
    FDCAN1_IT1_IRQHandler                    0x08000293   Thumb Code     0  startup_stm32g473xx.o(.text)
    FDCAN2_IT1_IRQHandler                    0x08000293   Thumb Code     0  startup_stm32g473xx.o(.text)
    FDCAN3_IT1_IRQHandler                    0x08000293   Thumb Code     0  startup_stm32g473xx.o(.text)
    FLASH_IRQHandler                         0x08000293   Thumb Code     0  startup_stm32g473xx.o(.text)
    FMAC_IRQHandler                          0x08000293   Thumb Code     0  startup_stm32g473xx.o(.text)
    FMC_IRQHandler                           0x08000293   Thumb Code     0  startup_stm32g473xx.o(.text)
    FPU_IRQHandler                           0x08000293   Thumb Code     0  startup_stm32g473xx.o(.text)
    I2C1_ER_IRQHandler                       0x08000293   Thumb Code     0  startup_stm32g473xx.o(.text)
    I2C1_EV_IRQHandler                       0x08000293   Thumb Code     0  startup_stm32g473xx.o(.text)
    I2C2_ER_IRQHandler                       0x08000293   Thumb Code     0  startup_stm32g473xx.o(.text)
    I2C2_EV_IRQHandler                       0x08000293   Thumb Code     0  startup_stm32g473xx.o(.text)
    I2C3_ER_IRQHandler                       0x08000293   Thumb Code     0  startup_stm32g473xx.o(.text)
    I2C3_EV_IRQHandler                       0x08000293   Thumb Code     0  startup_stm32g473xx.o(.text)
    I2C4_ER_IRQHandler                       0x08000293   Thumb Code     0  startup_stm32g473xx.o(.text)
    I2C4_EV_IRQHandler                       0x08000293   Thumb Code     0  startup_stm32g473xx.o(.text)
    LPTIM1_IRQHandler                        0x08000293   Thumb Code     0  startup_stm32g473xx.o(.text)
    LPUART1_IRQHandler                       0x08000293   Thumb Code     0  startup_stm32g473xx.o(.text)
    PVD_PVM_IRQHandler                       0x08000293   Thumb Code     0  startup_stm32g473xx.o(.text)
    QUADSPI_IRQHandler                       0x08000293   Thumb Code     0  startup_stm32g473xx.o(.text)
    RCC_IRQHandler                           0x08000293   Thumb Code     0  startup_stm32g473xx.o(.text)
    RNG_IRQHandler                           0x08000293   Thumb Code     0  startup_stm32g473xx.o(.text)
    RTC_Alarm_IRQHandler                     0x08000293   Thumb Code     0  startup_stm32g473xx.o(.text)
    RTC_TAMP_LSECSS_IRQHandler               0x08000293   Thumb Code     0  startup_stm32g473xx.o(.text)
    RTC_WKUP_IRQHandler                      0x08000293   Thumb Code     0  startup_stm32g473xx.o(.text)
    SAI1_IRQHandler                          0x08000293   Thumb Code     0  startup_stm32g473xx.o(.text)
    SPI1_IRQHandler                          0x08000293   Thumb Code     0  startup_stm32g473xx.o(.text)
    SPI2_IRQHandler                          0x08000293   Thumb Code     0  startup_stm32g473xx.o(.text)
    SPI3_IRQHandler                          0x08000293   Thumb Code     0  startup_stm32g473xx.o(.text)
    SPI4_IRQHandler                          0x08000293   Thumb Code     0  startup_stm32g473xx.o(.text)
    TIM1_BRK_TIM15_IRQHandler                0x08000293   Thumb Code     0  startup_stm32g473xx.o(.text)
    TIM1_CC_IRQHandler                       0x08000293   Thumb Code     0  startup_stm32g473xx.o(.text)
    TIM1_TRG_COM_TIM17_IRQHandler            0x08000293   Thumb Code     0  startup_stm32g473xx.o(.text)
    TIM1_UP_TIM16_IRQHandler                 0x08000293   Thumb Code     0  startup_stm32g473xx.o(.text)
    TIM20_BRK_IRQHandler                     0x08000293   Thumb Code     0  startup_stm32g473xx.o(.text)
    TIM20_CC_IRQHandler                      0x08000293   Thumb Code     0  startup_stm32g473xx.o(.text)
    TIM20_TRG_COM_IRQHandler                 0x08000293   Thumb Code     0  startup_stm32g473xx.o(.text)
    TIM20_UP_IRQHandler                      0x08000293   Thumb Code     0  startup_stm32g473xx.o(.text)
    TIM3_IRQHandler                          0x08000293   Thumb Code     0  startup_stm32g473xx.o(.text)
    TIM4_IRQHandler                          0x08000293   Thumb Code     0  startup_stm32g473xx.o(.text)
    TIM5_IRQHandler                          0x08000293   Thumb Code     0  startup_stm32g473xx.o(.text)
    TIM6_DAC_IRQHandler                      0x08000293   Thumb Code     0  startup_stm32g473xx.o(.text)
    TIM7_DAC_IRQHandler                      0x08000293   Thumb Code     0  startup_stm32g473xx.o(.text)
    TIM8_BRK_IRQHandler                      0x08000293   Thumb Code     0  startup_stm32g473xx.o(.text)
    TIM8_CC_IRQHandler                       0x08000293   Thumb Code     0  startup_stm32g473xx.o(.text)
    TIM8_TRG_COM_IRQHandler                  0x08000293   Thumb Code     0  startup_stm32g473xx.o(.text)
    TIM8_UP_IRQHandler                       0x08000293   Thumb Code     0  startup_stm32g473xx.o(.text)
    UART4_IRQHandler                         0x08000293   Thumb Code     0  startup_stm32g473xx.o(.text)
    UART5_IRQHandler                         0x08000293   Thumb Code     0  startup_stm32g473xx.o(.text)
    UCPD1_IRQHandler                         0x08000293   Thumb Code     0  startup_stm32g473xx.o(.text)
    USART1_IRQHandler                        0x08000293   Thumb Code     0  startup_stm32g473xx.o(.text)
    USART2_IRQHandler                        0x08000293   Thumb Code     0  startup_stm32g473xx.o(.text)
    USART3_IRQHandler                        0x08000293   Thumb Code     0  startup_stm32g473xx.o(.text)
    USBWakeUp_IRQHandler                     0x08000293   Thumb Code     0  startup_stm32g473xx.o(.text)
    USB_HP_IRQHandler                        0x08000293   Thumb Code     0  startup_stm32g473xx.o(.text)
    USB_LP_IRQHandler                        0x08000293   Thumb Code     0  startup_stm32g473xx.o(.text)
    WWDG_IRQHandler                          0x08000293   Thumb Code     0  startup_stm32g473xx.o(.text)
    __user_initial_stackheap                 0x08000295   Thumb Code     0  startup_stm32g473xx.o(.text)
    __aeabi_memclr4                          0x080002b9   Thumb Code     0  rt_memclr_w.o(.text)
    __aeabi_memclr8                          0x080002b9   Thumb Code     0  rt_memclr_w.o(.text)
    __rt_memclr_w                            0x080002b9   Thumb Code    78  rt_memclr_w.o(.text)
    _memset_w                                0x080002bd   Thumb Code     0  rt_memclr_w.o(.text)
    __use_two_region_memory                  0x08000307   Thumb Code     2  heapauxi.o(.text)
    __rt_heap_escrow$2region                 0x08000309   Thumb Code     2  heapauxi.o(.text)
    __rt_heap_expand$2region                 0x0800030b   Thumb Code     2  heapauxi.o(.text)
    __user_setup_stackheap                   0x0800030d   Thumb Code    74  sys_stackheap_outer.o(.text)
    exit                                     0x08000357   Thumb Code    18  exit.o(.text)
    __user_libspace                          0x08000369   Thumb Code     8  libspace.o(.text)
    __user_perproc_libspace                  0x08000369   Thumb Code     0  libspace.o(.text)
    __user_perthread_libspace                0x08000369   Thumb Code     0  libspace.o(.text)
    _sys_exit                                0x08000371   Thumb Code     8  sys_exit.o(.text)
    __I$use$semihosting                      0x0800037d   Thumb Code     0  use_no_semi.o(.text)
    __use_no_semihosting_swi                 0x0800037d   Thumb Code     2  use_no_semi.o(.text)
    __semihosting_library_function           0x0800037f   Thumb Code     0  indicate_semi.o(.text)
    BusFault_Handler                         0x08000397   Thumb Code     4  stm32g4xx_it.o(i.BusFault_Handler)
    CAN1_Receive                             0x0800039d   Thumb Code   284  cc15000.o(i.CAN1_Receive)
    CAN2_Receive                             0x080004c5   Thumb Code    20  cc15000.o(i.CAN2_Receive)
    DMA1_Channel3_IRQHandler                 0x080004dd   Thumb Code    10  stm32g4xx_it.o(i.DMA1_Channel3_IRQHandler)
    DMA1_Channel4_IRQHandler                 0x080004ed   Thumb Code    10  stm32g4xx_it.o(i.DMA1_Channel4_IRQHandler)
    DMA1_Channel6_IRQHandler                 0x080004fd   Thumb Code    10  stm32g4xx_it.o(i.DMA1_Channel6_IRQHandler)
    DebugMon_Handler                         0x0800050d   Thumb Code     2  stm32g4xx_it.o(i.DebugMon_Handler)
    Error_Handler                            0x080005a5   Thumb Code     6  main.o(i.Error_Handler)
    FDCAN1_IT0_IRQHandler                    0x080005ad   Thumb Code    10  stm32g4xx_it.o(i.FDCAN1_IT0_IRQHandler)
    FDCAN1_ProcessRx                         0x080005bd   Thumb Code    86  fdcan.o(i.FDCAN1_ProcessRx)
    FDCAN1_Query_Current                     0x08000625   Thumb Code    30  cc15000.o(i.FDCAN1_Query_Current)
    FDCAN1_Query_State                       0x08000651   Thumb Code    30  cc15000.o(i.FDCAN1_Query_State)
    FDCAN1_Query_Temp                        0x0800067d   Thumb Code    30  cc15000.o(i.FDCAN1_Query_Temp)
    FDCAN1_Query_Voltage                     0x080006a9   Thumb Code    30  cc15000.o(i.FDCAN1_Query_Voltage)
    FDCAN1_SendExtCanMsg                     0x080006d5   Thumb Code   130  fdcan.o(i.FDCAN1_SendExtCanMsg)
    FDCAN1_Send_Cur                          0x0800075d   Thumb Code    40  cc15000.o(i.FDCAN1_Send_Cur)
    FDCAN1_Send_ON                           0x08000791   Thumb Code    30  cc15000.o(i.FDCAN1_Send_ON)
    FDCAN1_Send_Vol                          0x080007bd   Thumb Code    40  cc15000.o(i.FDCAN1_Send_Vol)
    FDCAN2_IT0_IRQHandler                    0x080007f1   Thumb Code    10  stm32g4xx_it.o(i.FDCAN2_IT0_IRQHandler)
    FDCAN2_ProcessRx                         0x08000801   Thumb Code    86  fdcan.o(i.FDCAN2_ProcessRx)
    FDCAN3_IT0_IRQHandler                    0x08000869   Thumb Code    10  stm32g4xx_it.o(i.FDCAN3_IT0_IRQHandler)
    FDCAN_StartAll                           0x08000a29   Thumb Code    34  fdcan.o(i.FDCAN_StartAll)
    HAL_DMA_IRQHandler                       0x08000a51   Thumb Code   254  stm32g4xx_hal_dma.o(i.HAL_DMA_IRQHandler)
    HAL_Delay                                0x08000b51   Thumb Code    36  stm32g4xx_hal.o(i.HAL_Delay)
    HAL_FDCAN_ActivateNotification           0x08000b79   Thumb Code   290  stm32g4xx_hal_fdcan.o(i.HAL_FDCAN_ActivateNotification)
    HAL_FDCAN_AddMessageToTxFifoQ            0x08000c9b   Thumb Code   106  stm32g4xx_hal_fdcan.o(i.HAL_FDCAN_AddMessageToTxFifoQ)
    HAL_FDCAN_ConfigGlobalFilter             0x08000d05   Thumb Code    60  stm32g4xx_hal_fdcan.o(i.HAL_FDCAN_ConfigGlobalFilter)
    HAL_FDCAN_ErrorCallback                  0x08000d41   Thumb Code     2  stm32g4xx_hal_fdcan.o(i.HAL_FDCAN_ErrorCallback)
    HAL_FDCAN_ErrorStatusCallback            0x08000d43   Thumb Code     2  stm32g4xx_hal_fdcan.o(i.HAL_FDCAN_ErrorStatusCallback)
    HAL_FDCAN_GetRxFifoFillLevel             0x08000d45   Thumb Code    30  stm32g4xx_hal_fdcan.o(i.HAL_FDCAN_GetRxFifoFillLevel)
    HAL_FDCAN_GetRxMessage                   0x08000d65   Thumb Code   336  stm32g4xx_hal_fdcan.o(i.HAL_FDCAN_GetRxMessage)
    HAL_FDCAN_HighPriorityMessageCallback    0x08000eb9   Thumb Code     2  stm32g4xx_hal_fdcan.o(i.HAL_FDCAN_HighPriorityMessageCallback)
    HAL_FDCAN_IRQHandler                     0x08000ebb   Thumb Code   424  stm32g4xx_hal_fdcan.o(i.HAL_FDCAN_IRQHandler)
    HAL_FDCAN_Init                           0x08001065   Thumb Code   526  stm32g4xx_hal_fdcan.o(i.HAL_FDCAN_Init)
    HAL_FDCAN_MspInit                        0x0800127d   Thumb Code   466  fdcan.o(i.HAL_FDCAN_MspInit)
    HAL_FDCAN_RxFifo0Callback                0x0800146d   Thumb Code    36  fdcan.o(i.HAL_FDCAN_RxFifo0Callback)
    HAL_FDCAN_RxFifo1Callback                0x080014a1   Thumb Code     2  stm32g4xx_hal_fdcan.o(i.HAL_FDCAN_RxFifo1Callback)
    HAL_FDCAN_Start                          0x080014a3   Thumb Code    46  stm32g4xx_hal_fdcan.o(i.HAL_FDCAN_Start)
    HAL_FDCAN_TimeoutOccurredCallback        0x080014d1   Thumb Code     2  stm32g4xx_hal_fdcan.o(i.HAL_FDCAN_TimeoutOccurredCallback)
    HAL_FDCAN_TimestampWraparoundCallback    0x080014d3   Thumb Code     2  stm32g4xx_hal_fdcan.o(i.HAL_FDCAN_TimestampWraparoundCallback)
    HAL_FDCAN_TxBufferAbortCallback          0x080014d5   Thumb Code     2  stm32g4xx_hal_fdcan.o(i.HAL_FDCAN_TxBufferAbortCallback)
    HAL_FDCAN_TxBufferCompleteCallback       0x080014d7   Thumb Code     2  stm32g4xx_hal_fdcan.o(i.HAL_FDCAN_TxBufferCompleteCallback)
    HAL_FDCAN_TxEventFifoCallback            0x080014d9   Thumb Code     2  stm32g4xx_hal_fdcan.o(i.HAL_FDCAN_TxEventFifoCallback)
    HAL_FDCAN_TxFifoEmptyCallback            0x080014db   Thumb Code     2  stm32g4xx_hal_fdcan.o(i.HAL_FDCAN_TxFifoEmptyCallback)
    HAL_GPIO_Init                            0x080014dd   Thumb Code   442  stm32g4xx_hal_gpio.o(i.HAL_GPIO_Init)
    HAL_GPIO_WritePin                        0x080016b9   Thumb Code    10  stm32g4xx_hal_gpio.o(i.HAL_GPIO_WritePin)
    HAL_GetTick                              0x080016c5   Thumb Code     6  stm32g4xx_hal.o(i.HAL_GetTick)
    HAL_IncTick                              0x080016d1   Thumb Code    16  stm32g4xx_hal.o(i.HAL_IncTick)
    HAL_Init                                 0x080016e9   Thumb Code    30  stm32g4xx_hal.o(i.HAL_Init)
    HAL_InitTick                             0x08001709   Thumb Code    74  stm32g4xx_hal.o(i.HAL_InitTick)
    HAL_MspInit                              0x08001761   Thumb Code    62  stm32g4xx_hal_msp.o(i.HAL_MspInit)
    HAL_NVIC_EnableIRQ                       0x080017a5   Thumb Code    40  stm32g4xx_hal_cortex.o(i.HAL_NVIC_EnableIRQ)
    HAL_NVIC_SetPriority                     0x080017cd   Thumb Code   122  stm32g4xx_hal_cortex.o(i.HAL_NVIC_SetPriority)
    HAL_NVIC_SetPriorityGrouping             0x08001849   Thumb Code    32  stm32g4xx_hal_cortex.o(i.HAL_NVIC_SetPriorityGrouping)
    HAL_PWREx_ControlVoltageScaling          0x08001871   Thumb Code   268  stm32g4xx_hal_pwr_ex.o(i.HAL_PWREx_ControlVoltageScaling)
    HAL_PWREx_DisableUCPDDeadBattery         0x08001989   Thumb Code    14  stm32g4xx_hal_pwr_ex.o(i.HAL_PWREx_DisableUCPDDeadBattery)
    HAL_RCCEx_PeriphCLKConfig                0x0800199d   Thumb Code  1048  stm32g4xx_hal_rcc_ex.o(i.HAL_RCCEx_PeriphCLKConfig)
    HAL_RCC_ClockConfig                      0x08001db5   Thumb Code   522  stm32g4xx_hal_rcc.o(i.HAL_RCC_ClockConfig)
    HAL_RCC_GetSysClockFreq                  0x08001fd9   Thumb Code   138  stm32g4xx_hal_rcc.o(i.HAL_RCC_GetSysClockFreq)
    HAL_RCC_OscConfig                        0x08002071   Thumb Code  1360  stm32g4xx_hal_rcc.o(i.HAL_RCC_OscConfig)
    HAL_SYSTICK_Config                       0x080025cd   Thumb Code    52  stm32g4xx_hal_cortex.o(i.HAL_SYSTICK_Config)
    HAL_TIMEx_Break2Callback                 0x08002601   Thumb Code     2  stm32g4xx_hal_tim_ex.o(i.HAL_TIMEx_Break2Callback)
    HAL_TIMEx_BreakCallback                  0x08002603   Thumb Code     2  stm32g4xx_hal_tim_ex.o(i.HAL_TIMEx_BreakCallback)
    HAL_TIMEx_CommutCallback                 0x08002605   Thumb Code     2  stm32g4xx_hal_tim_ex.o(i.HAL_TIMEx_CommutCallback)
    HAL_TIMEx_DirectionChangeCallback        0x08002607   Thumb Code     2  stm32g4xx_hal_tim_ex.o(i.HAL_TIMEx_DirectionChangeCallback)
    HAL_TIMEx_EncoderIndexCallback           0x08002609   Thumb Code     2  stm32g4xx_hal_tim_ex.o(i.HAL_TIMEx_EncoderIndexCallback)
    HAL_TIMEx_IndexErrorCallback             0x0800260b   Thumb Code     2  stm32g4xx_hal_tim_ex.o(i.HAL_TIMEx_IndexErrorCallback)
    HAL_TIMEx_TransitionErrorCallback        0x0800260d   Thumb Code     2  stm32g4xx_hal_tim_ex.o(i.HAL_TIMEx_TransitionErrorCallback)
    HAL_TIM_Base_Init                        0x0800260f   Thumb Code   110  stm32g4xx_hal_tim.o(i.HAL_TIM_Base_Init)
    HAL_TIM_Base_MspInit                     0x0800267d   Thumb Code    58  tim.o(i.HAL_TIM_Base_MspInit)
    HAL_TIM_Base_Start_IT                    0x080026bd   Thumb Code   146  stm32g4xx_hal_tim.o(i.HAL_TIM_Base_Start_IT)
    HAL_TIM_IC_CaptureCallback               0x08002771   Thumb Code     2  stm32g4xx_hal_tim.o(i.HAL_TIM_IC_CaptureCallback)
    HAL_TIM_IRQHandler                       0x08002773   Thumb Code   544  stm32g4xx_hal_tim.o(i.HAL_TIM_IRQHandler)
    HAL_TIM_OC_DelayElapsedCallback          0x08002993   Thumb Code     2  stm32g4xx_hal_tim.o(i.HAL_TIM_OC_DelayElapsedCallback)
    HAL_TIM_PWM_PulseFinishedCallback        0x08002995   Thumb Code     2  stm32g4xx_hal_tim.o(i.HAL_TIM_PWM_PulseFinishedCallback)
    HAL_TIM_PeriodElapsedCallback            0x08002999   Thumb Code   158  tim.o(i.HAL_TIM_PeriodElapsedCallback)
    HAL_TIM_TriggerCallback                  0x08002a3d   Thumb Code     2  stm32g4xx_hal_tim.o(i.HAL_TIM_TriggerCallback)
    HardFault_Handler                        0x08002a3f   Thumb Code     4  stm32g4xx_it.o(i.HardFault_Handler)
    MX_DMA_Init                              0x08002a45   Thumb Code   106  dma.o(i.MX_DMA_Init)
    MX_FDCAN1_Init                           0x08002ab5   Thumb Code    94  fdcan.o(i.MX_FDCAN1_Init)
    MX_FDCAN2_Init                           0x08002b1d   Thumb Code    94  fdcan.o(i.MX_FDCAN2_Init)
    MX_GPIO_Init                             0x08002b85   Thumb Code   276  gpio.o(i.MX_GPIO_Init)
    MX_TIM2_Init                             0x08002ca9   Thumb Code    44  tim.o(i.MX_TIM2_Init)
    MemManage_Handler                        0x08002cd9   Thumb Code     4  stm32g4xx_it.o(i.MemManage_Handler)
    NMI_Handler                              0x08002cdd   Thumb Code     4  stm32g4xx_it.o(i.NMI_Handler)
    PendSV_Handler                           0x08002ce1   Thumb Code     2  stm32g4xx_it.o(i.PendSV_Handler)
    SVC_Handler                              0x08002d4d   Thumb Code     2  stm32g4xx_it.o(i.SVC_Handler)
    SysTick_Handler                          0x08002d4f   Thumb Code     8  stm32g4xx_it.o(i.SysTick_Handler)
    SystemClock_Config                       0x08002d57   Thumb Code   108  main.o(i.SystemClock_Config)
    SystemInit                               0x08002dc5   Thumb Code    14  system_stm32g4xx.o(i.SystemInit)
    TIM2_IRQHandler                          0x08002dd9   Thumb Code    10  stm32g4xx_it.o(i.TIM2_IRQHandler)
    TIM_Base_SetConfig                       0x08002de9   Thumb Code   196  stm32g4xx_hal_tim.o(i.TIM_Base_SetConfig)
    UsageFault_Handler                       0x08002ee1   Thumb Code     4  stm32g4xx_it.o(i.UsageFault_Handler)
    main                                     0x08002f1d   Thumb Code   152  main.o(i.main)
    _fp_init                                 0x08002fc9   Thumb Code    10  fpinit.o(x$fpl$fpinit)
    __fplib_config_fpu_vfp                   0x08002fd1   Thumb Code     0  fpinit.o(x$fpl$fpinit)
    __fplib_config_pureend_doubles           0x08002fd1   Thumb Code     0  fpinit.o(x$fpl$fpinit)
    AHBPrescTable                            0x08002fe2   Data          16  system_stm32g4xx.o(.constdata)
    APBPrescTable                            0x08002ff2   Data           8  system_stm32g4xx.o(.constdata)
    Region$$Table$$Base                      0x08002ffc   Number         0  anon$$obj.o(Region$$Table)
    Region$$Table$$Limit                     0x0800301c   Number         0  anon$$obj.o(Region$$Table)
    Vol                                      0x20000000   Data           1  main.o(.data)
    Cur                                      0x20000001   Data           1  main.o(.data)
    FDCAN1_Rx_Flag                           0x20000004   Data           1  fdcan.o(.data)
    FDCAN2_Rx_Flag                           0x20000005   Data           1  fdcan.o(.data)
    FDCAN3_Rx_Flag                           0x20000006   Data           1  fdcan.o(.data)
    BCU_highVpower                           0x2000000c   Data           1  fdcan.o(.data)
    uwTick                                   0x20000010   Data           4  stm32g4xx_hal.o(.data)
    uwTickPrio                               0x20000014   Data           4  stm32g4xx_hal.o(.data)
    uwTickFreq                               0x20000018   Data           4  stm32g4xx_hal.o(.data)
    SystemCoreClock                          0x2000001c   Data           4  system_stm32g4xx.o(.data)
    hadc1                                    0x20000020   Data         108  adc.o(.bss)
    hadc2                                    0x2000008c   Data         108  adc.o(.bss)
    hadc3                                    0x200000f8   Data         108  adc.o(.bss)
    hdma_adc1                                0x20000164   Data          96  adc.o(.bss)
    hdma_adc2                                0x200001c4   Data          96  adc.o(.bss)
    hdma_adc3                                0x20000224   Data          96  adc.o(.bss)
    hfdcan1                                  0x20000284   Data         100  fdcan.o(.bss)
    hfdcan2                                  0x200002e8   Data         100  fdcan.o(.bss)
    hfdcan3                                  0x2000034c   Data         100  fdcan.o(.bss)
    TxHeader                                 0x200003b0   Data          36  fdcan.o(.bss)
    htim2                                    0x200004a4   Data          76  tim.o(.bss)
    g_stTimeFlag                             0x200004f0   Data          12  tim.o(.bss)
    g_module_status                          0x200004fc   Data          56  cc15000.o(.bss)
    __libspace_start                         0x20000534   Data          96  libspace.o(.bss)
    __temporary_stack_top$libspace           0x20000594   Data           0  libspace.o(.bss)



==============================================================================

Memory Map of the image

  Image Entry point : 0x080001d9

  Load Region LR_IROM1 (Base: 0x08000000, Size: 0x0000303c, Max: 0x00080000, ABSOLUTE)

    Execution Region ER_IROM1 (Exec base: 0x08000000, Load base: 0x08000000, Size: 0x0000301c, Max: 0x00080000, ABSOLUTE)

    Exec Addr    Load Addr    Size         Type   Attr      Idx    E Section Name        Object

    0x08000000   0x08000000   0x000001d8   Data   RO            3    RESET               startup_stm32g473xx.o
    0x080001d8   0x080001d8   0x00000008   Code   RO         4938  * !!!main             c_w.l(__main.o)
    0x080001e0   0x080001e0   0x00000034   Code   RO         5097    !!!scatter          c_w.l(__scatter.o)
    0x08000214   0x08000214   0x0000001a   Code   RO         5099    !!handler_copy      c_w.l(__scatter_copy.o)
    0x0800022e   0x0800022e   0x00000002   PAD
    0x08000230   0x08000230   0x0000001c   Code   RO         5101    !!handler_zi        c_w.l(__scatter_zi.o)
    0x0800024c   0x0800024c   0x00000002   Code   RO         4965    .ARM.Collect$$libinit$$00000000  c_w.l(libinit.o)
    0x0800024e   0x0800024e   0x00000004   Code   RO         4971    .ARM.Collect$$libinit$$00000001  c_w.l(libinit2.o)
    0x08000252   0x08000252   0x00000000   Code   RO         4974    .ARM.Collect$$libinit$$00000004  c_w.l(libinit2.o)
    0x08000252   0x08000252   0x00000000   Code   RO         4977    .ARM.Collect$$libinit$$0000000A  c_w.l(libinit2.o)
    0x08000252   0x08000252   0x00000000   Code   RO         4979    .ARM.Collect$$libinit$$0000000C  c_w.l(libinit2.o)
    0x08000252   0x08000252   0x00000000   Code   RO         4981    .ARM.Collect$$libinit$$0000000E  c_w.l(libinit2.o)
    0x08000252   0x08000252   0x00000000   Code   RO         4984    .ARM.Collect$$libinit$$00000011  c_w.l(libinit2.o)
    0x08000252   0x08000252   0x00000000   Code   RO         4986    .ARM.Collect$$libinit$$00000013  c_w.l(libinit2.o)
    0x08000252   0x08000252   0x00000000   Code   RO         4988    .ARM.Collect$$libinit$$00000015  c_w.l(libinit2.o)
    0x08000252   0x08000252   0x00000000   Code   RO         4990    .ARM.Collect$$libinit$$00000017  c_w.l(libinit2.o)
    0x08000252   0x08000252   0x00000000   Code   RO         4992    .ARM.Collect$$libinit$$00000019  c_w.l(libinit2.o)
    0x08000252   0x08000252   0x00000000   Code   RO         4994    .ARM.Collect$$libinit$$0000001B  c_w.l(libinit2.o)
    0x08000252   0x08000252   0x00000000   Code   RO         4996    .ARM.Collect$$libinit$$0000001D  c_w.l(libinit2.o)
    0x08000252   0x08000252   0x00000000   Code   RO         4998    .ARM.Collect$$libinit$$0000001F  c_w.l(libinit2.o)
    0x08000252   0x08000252   0x00000000   Code   RO         5000    .ARM.Collect$$libinit$$00000021  c_w.l(libinit2.o)
    0x08000252   0x08000252   0x00000000   Code   RO         5002    .ARM.Collect$$libinit$$00000023  c_w.l(libinit2.o)
    0x08000252   0x08000252   0x00000000   Code   RO         5004    .ARM.Collect$$libinit$$00000025  c_w.l(libinit2.o)
    0x08000252   0x08000252   0x00000000   Code   RO         5008    .ARM.Collect$$libinit$$0000002C  c_w.l(libinit2.o)
    0x08000252   0x08000252   0x00000000   Code   RO         5010    .ARM.Collect$$libinit$$0000002E  c_w.l(libinit2.o)
    0x08000252   0x08000252   0x00000000   Code   RO         5012    .ARM.Collect$$libinit$$00000030  c_w.l(libinit2.o)
    0x08000252   0x08000252   0x00000000   Code   RO         5014    .ARM.Collect$$libinit$$00000032  c_w.l(libinit2.o)
    0x08000252   0x08000252   0x00000002   Code   RO         5015    .ARM.Collect$$libinit$$00000033  c_w.l(libinit2.o)
    0x08000254   0x08000254   0x00000002   Code   RO         5035    .ARM.Collect$$libshutdown$$00000000  c_w.l(libshutdown.o)
    0x08000256   0x08000256   0x00000000   Code   RO         5048    .ARM.Collect$$libshutdown$$00000002  c_w.l(libshutdown2.o)
    0x08000256   0x08000256   0x00000000   Code   RO         5050    .ARM.Collect$$libshutdown$$00000004  c_w.l(libshutdown2.o)
    0x08000256   0x08000256   0x00000000   Code   RO         5052    .ARM.Collect$$libshutdown$$00000006  c_w.l(libshutdown2.o)
    0x08000256   0x08000256   0x00000000   Code   RO         5055    .ARM.Collect$$libshutdown$$00000009  c_w.l(libshutdown2.o)
    0x08000256   0x08000256   0x00000000   Code   RO         5058    .ARM.Collect$$libshutdown$$0000000C  c_w.l(libshutdown2.o)
    0x08000256   0x08000256   0x00000000   Code   RO         5060    .ARM.Collect$$libshutdown$$0000000E  c_w.l(libshutdown2.o)
    0x08000256   0x08000256   0x00000000   Code   RO         5063    .ARM.Collect$$libshutdown$$00000011  c_w.l(libshutdown2.o)
    0x08000256   0x08000256   0x00000002   Code   RO         5064    .ARM.Collect$$libshutdown$$00000012  c_w.l(libshutdown2.o)
    0x08000258   0x08000258   0x00000000   Code   RO         4940    .ARM.Collect$$rtentry$$00000000  c_w.l(__rtentry.o)
    0x08000258   0x08000258   0x00000000   Code   RO         4942    .ARM.Collect$$rtentry$$00000002  c_w.l(__rtentry2.o)
    0x08000258   0x08000258   0x00000006   Code   RO         4954    .ARM.Collect$$rtentry$$00000004  c_w.l(__rtentry4.o)
    0x0800025e   0x0800025e   0x00000000   Code   RO         4944    .ARM.Collect$$rtentry$$00000009  c_w.l(__rtentry2.o)
    0x0800025e   0x0800025e   0x00000004   Code   RO         4945    .ARM.Collect$$rtentry$$0000000A  c_w.l(__rtentry2.o)
    0x08000262   0x08000262   0x00000000   Code   RO         4947    .ARM.Collect$$rtentry$$0000000C  c_w.l(__rtentry2.o)
    0x08000262   0x08000262   0x00000008   Code   RO         4948    .ARM.Collect$$rtentry$$0000000D  c_w.l(__rtentry2.o)
    0x0800026a   0x0800026a   0x00000002   Code   RO         4969    .ARM.Collect$$rtexit$$00000000  c_w.l(rtexit.o)
    0x0800026c   0x0800026c   0x00000000   Code   RO         5017    .ARM.Collect$$rtexit$$00000002  c_w.l(rtexit2.o)
    0x0800026c   0x0800026c   0x00000004   Code   RO         5018    .ARM.Collect$$rtexit$$00000003  c_w.l(rtexit2.o)
    0x08000270   0x08000270   0x00000006   Code   RO         5019    .ARM.Collect$$rtexit$$00000004  c_w.l(rtexit2.o)
    0x08000276   0x08000276   0x00000002   PAD
    0x08000278   0x08000278   0x00000040   Code   RO            4    .text               startup_stm32g473xx.o
    0x080002b8   0x080002b8   0x0000004e   Code   RO         4934    .text               c_w.l(rt_memclr_w.o)
    0x08000306   0x08000306   0x00000006   Code   RO         4936    .text               c_w.l(heapauxi.o)
    0x0800030c   0x0800030c   0x0000004a   Code   RO         4956    .text               c_w.l(sys_stackheap_outer.o)
    0x08000356   0x08000356   0x00000012   Code   RO         4958    .text               c_w.l(exit.o)
    0x08000368   0x08000368   0x00000008   Code   RO         4966    .text               c_w.l(libspace.o)
    0x08000370   0x08000370   0x0000000c   Code   RO         5027    .text               c_w.l(sys_exit.o)
    0x0800037c   0x0800037c   0x00000002   Code   RO         5038    .text               c_w.l(use_no_semi.o)
    0x0800037e   0x0800037e   0x00000000   Code   RO         5040    .text               c_w.l(indicate_semi.o)
    0x0800037e   0x0800037e   0x00000018   Code   RO         4828    i.BigEndianToUint32  cc15000.o
    0x08000396   0x08000396   0x00000004   Code   RO          505    i.BusFault_Handler  stm32g4xx_it.o
    0x0800039a   0x0800039a   0x00000002   PAD
    0x0800039c   0x0800039c   0x00000128   Code   RO         4829    i.CAN1_Receive      cc15000.o
    0x080004c4   0x080004c4   0x00000018   Code   RO         4830    i.CAN2_Receive      cc15000.o
    0x080004dc   0x080004dc   0x00000010   Code   RO          506    i.DMA1_Channel3_IRQHandler  stm32g4xx_it.o
    0x080004ec   0x080004ec   0x00000010   Code   RO          507    i.DMA1_Channel4_IRQHandler  stm32g4xx_it.o
    0x080004fc   0x080004fc   0x00000010   Code   RO          508    i.DMA1_Channel6_IRQHandler  stm32g4xx_it.o
    0x0800050c   0x0800050c   0x00000002   Code   RO          509    i.DebugMon_Handler  stm32g4xx_it.o
    0x0800050e   0x0800050e   0x00000002   PAD
    0x08000510   0x08000510   0x00000094   Code   RO         4831    i.DecodeModuleFaultStatus  cc15000.o
    0x080005a4   0x080005a4   0x00000006   Code   RO           13    i.Error_Handler     main.o
    0x080005aa   0x080005aa   0x00000002   PAD
    0x080005ac   0x080005ac   0x00000010   Code   RO          510    i.FDCAN1_IT0_IRQHandler  stm32g4xx_it.o
    0x080005bc   0x080005bc   0x00000068   Code   RO          319    i.FDCAN1_ProcessRx  fdcan.o
    0x08000624   0x08000624   0x0000002c   Code   RO         4832    i.FDCAN1_Query_Current  cc15000.o
    0x08000650   0x08000650   0x0000002c   Code   RO         4833    i.FDCAN1_Query_State  cc15000.o
    0x0800067c   0x0800067c   0x0000002c   Code   RO         4834    i.FDCAN1_Query_Temp  cc15000.o
    0x080006a8   0x080006a8   0x0000002c   Code   RO         4835    i.FDCAN1_Query_Voltage  cc15000.o
    0x080006d4   0x080006d4   0x00000088   Code   RO          320    i.FDCAN1_SendExtCanMsg  fdcan.o
    0x0800075c   0x0800075c   0x00000034   Code   RO         4836    i.FDCAN1_Send_Cur   cc15000.o
    0x08000790   0x08000790   0x0000002c   Code   RO         4838    i.FDCAN1_Send_ON    cc15000.o
    0x080007bc   0x080007bc   0x00000034   Code   RO         4839    i.FDCAN1_Send_Vol   cc15000.o
    0x080007f0   0x080007f0   0x00000010   Code   RO          511    i.FDCAN2_IT0_IRQHandler  stm32g4xx_it.o
    0x08000800   0x08000800   0x00000068   Code   RO          323    i.FDCAN2_ProcessRx  fdcan.o
    0x08000868   0x08000868   0x00000010   Code   RO          512    i.FDCAN3_IT0_IRQHandler  stm32g4xx_it.o
    0x08000878   0x08000878   0x00000084   Code   RO         2894    i.FDCAN_CalcultateRamBlockAddresses  stm32g4xx_hal_fdcan.o
    0x080008fc   0x080008fc   0x000000cc   Code   RO         2895    i.FDCAN_CopyMessageToRAM  stm32g4xx_hal_fdcan.o
    0x080009c8   0x080009c8   0x0000005e   Code   RO          330    i.FDCAN_DlcToByteLen  fdcan.o
    0x08000a26   0x08000a26   0x00000002   PAD
    0x08000a28   0x08000a28   0x00000028   Code   RO          331    i.FDCAN_StartAll    fdcan.o
    0x08000a50   0x08000a50   0x000000fe   Code   RO         2243    i.HAL_DMA_IRQHandler  stm32g4xx_hal_dma.o
    0x08000b4e   0x08000b4e   0x00000002   PAD
    0x08000b50   0x08000b50   0x00000028   Code   RO         1325    i.HAL_Delay         stm32g4xx_hal.o
    0x08000b78   0x08000b78   0x00000122   Code   RO         2897    i.HAL_FDCAN_ActivateNotification  stm32g4xx_hal_fdcan.o
    0x08000c9a   0x08000c9a   0x0000006a   Code   RO         2898    i.HAL_FDCAN_AddMessageToTxFifoQ  stm32g4xx_hal_fdcan.o
    0x08000d04   0x08000d04   0x0000003c   Code   RO         2901    i.HAL_FDCAN_ConfigGlobalFilter  stm32g4xx_hal_fdcan.o
    0x08000d40   0x08000d40   0x00000002   Code   RO         2921    i.HAL_FDCAN_ErrorCallback  stm32g4xx_hal_fdcan.o
    0x08000d42   0x08000d42   0x00000002   Code   RO         2922    i.HAL_FDCAN_ErrorStatusCallback  stm32g4xx_hal_fdcan.o
    0x08000d44   0x08000d44   0x0000001e   Code   RO         2930    i.HAL_FDCAN_GetRxFifoFillLevel  stm32g4xx_hal_fdcan.o
    0x08000d62   0x08000d62   0x00000002   PAD
    0x08000d64   0x08000d64   0x00000154   Code   RO         2931    i.HAL_FDCAN_GetRxMessage  stm32g4xx_hal_fdcan.o
    0x08000eb8   0x08000eb8   0x00000002   Code   RO         2937    i.HAL_FDCAN_HighPriorityMessageCallback  stm32g4xx_hal_fdcan.o
    0x08000eba   0x08000eba   0x000001a8   Code   RO         2938    i.HAL_FDCAN_IRQHandler  stm32g4xx_hal_fdcan.o
    0x08001062   0x08001062   0x00000002   PAD
    0x08001064   0x08001064   0x00000218   Code   RO         2939    i.HAL_FDCAN_Init    stm32g4xx_hal_fdcan.o
    0x0800127c   0x0800127c   0x000001f0   Code   RO          334    i.HAL_FDCAN_MspInit  fdcan.o
    0x0800146c   0x0800146c   0x00000034   Code   RO          335    i.HAL_FDCAN_RxFifo0Callback  fdcan.o
    0x080014a0   0x080014a0   0x00000002   Code   RO         2947    i.HAL_FDCAN_RxFifo1Callback  stm32g4xx_hal_fdcan.o
    0x080014a2   0x080014a2   0x0000002e   Code   RO         2948    i.HAL_FDCAN_Start   stm32g4xx_hal_fdcan.o
    0x080014d0   0x080014d0   0x00000002   Code   RO         2950    i.HAL_FDCAN_TimeoutOccurredCallback  stm32g4xx_hal_fdcan.o
    0x080014d2   0x080014d2   0x00000002   Code   RO         2951    i.HAL_FDCAN_TimestampWraparoundCallback  stm32g4xx_hal_fdcan.o
    0x080014d4   0x080014d4   0x00000002   Code   RO         2952    i.HAL_FDCAN_TxBufferAbortCallback  stm32g4xx_hal_fdcan.o
    0x080014d6   0x080014d6   0x00000002   Code   RO         2953    i.HAL_FDCAN_TxBufferCompleteCallback  stm32g4xx_hal_fdcan.o
    0x080014d8   0x080014d8   0x00000002   Code   RO         2954    i.HAL_FDCAN_TxEventFifoCallback  stm32g4xx_hal_fdcan.o
    0x080014da   0x080014da   0x00000002   Code   RO         2955    i.HAL_FDCAN_TxFifoEmptyCallback  stm32g4xx_hal_fdcan.o
    0x080014dc   0x080014dc   0x000001dc   Code   RO         2100    i.HAL_GPIO_Init     stm32g4xx_hal_gpio.o
    0x080016b8   0x080016b8   0x0000000a   Code   RO         2104    i.HAL_GPIO_WritePin  stm32g4xx_hal_gpio.o
    0x080016c2   0x080016c2   0x00000002   PAD
    0x080016c4   0x080016c4   0x0000000c   Code   RO         1329    i.HAL_GetTick       stm32g4xx_hal.o
    0x080016d0   0x080016d0   0x00000018   Code   RO         1335    i.HAL_IncTick       stm32g4xx_hal.o
    0x080016e8   0x080016e8   0x0000001e   Code   RO         1336    i.HAL_Init          stm32g4xx_hal.o
    0x08001706   0x08001706   0x00000002   PAD
    0x08001708   0x08001708   0x00000058   Code   RO         1337    i.HAL_InitTick      stm32g4xx_hal.o
    0x08001760   0x08001760   0x00000044   Code   RO          623    i.HAL_MspInit       stm32g4xx_hal_msp.o
    0x080017a4   0x080017a4   0x00000028   Code   RO         2749    i.HAL_NVIC_EnableIRQ  stm32g4xx_hal_cortex.o
    0x080017cc   0x080017cc   0x0000007a   Code   RO         2755    i.HAL_NVIC_SetPriority  stm32g4xx_hal_cortex.o
    0x08001846   0x08001846   0x00000002   PAD
    0x08001848   0x08001848   0x00000028   Code   RO         2756    i.HAL_NVIC_SetPriorityGrouping  stm32g4xx_hal_cortex.o
    0x08001870   0x08001870   0x00000118   Code   RO         2503    i.HAL_PWREx_ControlVoltageScaling  stm32g4xx_hal_pwr_ex.o
    0x08001988   0x08001988   0x00000014   Code   RO         2515    i.HAL_PWREx_DisableUCPDDeadBattery  stm32g4xx_hal_pwr_ex.o
    0x0800199c   0x0800199c   0x00000418   Code   RO         1701    i.HAL_RCCEx_PeriphCLKConfig  stm32g4xx_hal_rcc_ex.o
    0x08001db4   0x08001db4   0x00000224   Code   RO         1571    i.HAL_RCC_ClockConfig  stm32g4xx_hal_rcc.o
    0x08001fd8   0x08001fd8   0x00000098   Code   RO         1581    i.HAL_RCC_GetSysClockFreq  stm32g4xx_hal_rcc.o
    0x08002070   0x08002070   0x0000055c   Code   RO         1584    i.HAL_RCC_OscConfig  stm32g4xx_hal_rcc.o
    0x080025cc   0x080025cc   0x00000034   Code   RO         2760    i.HAL_SYSTICK_Config  stm32g4xx_hal_cortex.o
    0x08002600   0x08002600   0x00000002   Code   RO         4011    i.HAL_TIMEx_Break2Callback  stm32g4xx_hal_tim_ex.o
    0x08002602   0x08002602   0x00000002   Code   RO         4012    i.HAL_TIMEx_BreakCallback  stm32g4xx_hal_tim_ex.o
    0x08002604   0x08002604   0x00000002   Code   RO         4013    i.HAL_TIMEx_CommutCallback  stm32g4xx_hal_tim_ex.o
    0x08002606   0x08002606   0x00000002   Code   RO         4024    i.HAL_TIMEx_DirectionChangeCallback  stm32g4xx_hal_tim_ex.o
    0x08002608   0x08002608   0x00000002   Code   RO         4038    i.HAL_TIMEx_EncoderIndexCallback  stm32g4xx_hal_tim_ex.o
    0x0800260a   0x0800260a   0x00000002   Code   RO         4052    i.HAL_TIMEx_IndexErrorCallback  stm32g4xx_hal_tim_ex.o
    0x0800260c   0x0800260c   0x00000002   Code   RO         4074    i.HAL_TIMEx_TransitionErrorCallback  stm32g4xx_hal_tim_ex.o
    0x0800260e   0x0800260e   0x0000006e   Code   RO         3286    i.HAL_TIM_Base_Init  stm32g4xx_hal_tim.o
    0x0800267c   0x0800267c   0x00000040   Code   RO          648    i.HAL_TIM_Base_MspInit  tim.o
    0x080026bc   0x080026bc   0x000000b4   Code   RO         3291    i.HAL_TIM_Base_Start_IT  stm32g4xx_hal_tim.o
    0x08002770   0x08002770   0x00000002   Code   RO         3320    i.HAL_TIM_IC_CaptureCallback  stm32g4xx_hal_tim.o
    0x08002772   0x08002772   0x00000220   Code   RO         3334    i.HAL_TIM_IRQHandler  stm32g4xx_hal_tim.o
    0x08002992   0x08002992   0x00000002   Code   RO         3337    i.HAL_TIM_OC_DelayElapsedCallback  stm32g4xx_hal_tim.o
    0x08002994   0x08002994   0x00000002   Code   RO         3364    i.HAL_TIM_PWM_PulseFinishedCallback  stm32g4xx_hal_tim.o
    0x08002996   0x08002996   0x00000002   PAD
    0x08002998   0x08002998   0x000000a4   Code   RO          649    i.HAL_TIM_PeriodElapsedCallback  tim.o
    0x08002a3c   0x08002a3c   0x00000002   Code   RO         3377    i.HAL_TIM_TriggerCallback  stm32g4xx_hal_tim.o
    0x08002a3e   0x08002a3e   0x00000004   Code   RO          513    i.HardFault_Handler  stm32g4xx_it.o
    0x08002a42   0x08002a42   0x00000002   PAD
    0x08002a44   0x08002a44   0x00000070   Code   RO          288    i.MX_DMA_Init       dma.o
    0x08002ab4   0x08002ab4   0x00000068   Code   RO          336    i.MX_FDCAN1_Init    fdcan.o
    0x08002b1c   0x08002b1c   0x00000068   Code   RO          337    i.MX_FDCAN2_Init    fdcan.o
    0x08002b84   0x08002b84   0x00000124   Code   RO          187    i.MX_GPIO_Init      gpio.o
    0x08002ca8   0x08002ca8   0x00000030   Code   RO          650    i.MX_TIM2_Init      tim.o
    0x08002cd8   0x08002cd8   0x00000004   Code   RO          514    i.MemManage_Handler  stm32g4xx_it.o
    0x08002cdc   0x08002cdc   0x00000004   Code   RO          515    i.NMI_Handler       stm32g4xx_it.o
    0x08002ce0   0x08002ce0   0x00000002   Code   RO          516    i.PendSV_Handler    stm32g4xx_it.o
    0x08002ce2   0x08002ce2   0x00000002   PAD
    0x08002ce4   0x08002ce4   0x00000068   Code   RO         1585    i.RCC_GetSysClockFreqFromPLLSource  stm32g4xx_hal_rcc.o
    0x08002d4c   0x08002d4c   0x00000002   Code   RO          517    i.SVC_Handler       stm32g4xx_it.o
    0x08002d4e   0x08002d4e   0x00000008   Code   RO          518    i.SysTick_Handler   stm32g4xx_it.o
    0x08002d56   0x08002d56   0x0000006c   Code   RO           14    i.SystemClock_Config  main.o
    0x08002dc2   0x08002dc2   0x00000002   PAD
    0x08002dc4   0x08002dc4   0x00000014   Code   RO         4792    i.SystemInit        system_stm32g4xx.o
    0x08002dd8   0x08002dd8   0x00000010   Code   RO          519    i.TIM2_IRQHandler   stm32g4xx_it.o
    0x08002de8   0x08002de8   0x000000e8   Code   RO         3379    i.TIM_Base_SetConfig  stm32g4xx_hal_tim.o
    0x08002ed0   0x08002ed0   0x00000010   Code   RO         4840    i.Uint32ToBigEndian  cc15000.o
    0x08002ee0   0x08002ee0   0x00000004   Code   RO          520    i.UsageFault_Handler  stm32g4xx_it.o
    0x08002ee4   0x08002ee4   0x00000010   Code   RO         2762    i.__NVIC_GetPriorityGrouping  stm32g4xx_hal_cortex.o
    0x08002ef4   0x08002ef4   0x00000028   Code   RO         2763    i.__NVIC_SetPriority  stm32g4xx_hal_cortex.o
    0x08002f1c   0x08002f1c   0x000000ac   Code   RO           15    i.main              main.o
    0x08002fc8   0x08002fc8   0x0000000a   Code   RO         5025    x$fpl$fpinit        fz_wm.l(fpinit.o)
    0x08002fd2   0x08002fd2   0x00000010   Data   RO         2956    .constdata          stm32g4xx_hal_fdcan.o
    0x08002fe2   0x08002fe2   0x00000018   Data   RO         4793    .constdata          system_stm32g4xx.o
    0x08002ffa   0x08002ffa   0x00000002   PAD
    0x08002ffc   0x08002ffc   0x00000020   Data   RO         5095    Region$$Table       anon$$obj.o


    Execution Region RW_IRAM1 (Exec base: 0x20000000, Load base: 0x0800301c, Size: 0x00000b98, Max: 0x00020000, ABSOLUTE)

    Exec Addr    Load Addr    Size         Type   Attr      Idx    E Section Name        Object

    0x20000000   0x0800301c   0x00000002   Data   RW           16    .data               main.o
    0x20000002   0x0800301e   0x00000002   PAD
    0x20000004   0x08003020   0x00000009   Data   RW          340    .data               fdcan.o
    0x2000000d   0x08003029   0x00000003   PAD
    0x20000010   0x0800302c   0x0000000c   Data   RW         1356    .data               stm32g4xx_hal.o
    0x2000001c   0x08003038   0x00000004   Data   RW         4794    .data               system_stm32g4xx.o
    0x20000020        -       0x00000264   Zero   RW          233    .bss                adc.o
    0x20000284        -       0x00000220   Zero   RW          339    .bss                fdcan.o
    0x200004a4        -       0x00000058   Zero   RW          653    .bss                tim.o
    0x200004fc        -       0x00000038   Zero   RW         4841    .bss                cc15000.o
    0x20000534        -       0x00000060   Zero   RW         4967    .bss                c_w.l(libspace.o)
    0x20000594   0x0800303c   0x00000004   PAD
    0x20000598        -       0x00000200   Zero   RW            2    HEAP                startup_stm32g473xx.o
    0x20000798        -       0x00000400   Zero   RW            1    STACK               startup_stm32g473xx.o


==============================================================================

Image component sizes


      Code (inc. data)   RO Data    RW Data    ZI Data      Debug   Object Name

         0          0          0          0        612        458   adc.o
       832        116          0          0         56      10178   cc15000.o
       112          6          0          0          0        918   dma.o
      1234        140          0          9        544      10427   fdcan.o
       292         16          0          0          0       1183   gpio.o
       286         20          0          2          0     737974   main.o
        64         26        472          0       1536        888   startup_stm32g473xx.o
       194         32          0         12          0       4693   stm32g4xx_hal.o
       310         22          0          0          0      34743   stm32g4xx_hal_cortex.o
       254          0          0          0          0       1305   stm32g4xx_hal_dma.o
      2188         32         16          0          0      19399   stm32g4xx_hal_fdcan.o
       486         34          0          0          0       2232   stm32g4xx_hal_gpio.o
        68          6          0          0          0        962   stm32g4xx_hal_msp.o
       300         18          0          0          0       1517   stm32g4xx_hal_pwr_ex.o
      2176         80          0          0          0       5804   stm32g4xx_hal_rcc.o
      1048         10          0          0          0       2108   stm32g4xx_hal_rcc_ex.o
      1074         70          0          0          0       6687   stm32g4xx_hal_tim.o
        14          0          0          0          0       5036   stm32g4xx_hal_tim_ex.o
       146         42          0          0          0       8609   stm32g4xx_it.o
        20          6         24          4          0       1291   system_stm32g4xx.o
       276         16          0          0         88       3147   tim.o

    ----------------------------------------------------------------------
     11402        692        546         32       2836     859559   Object Totals
         0          0         32          0          0          0   (incl. Generated)
        28          0          2          5          0          0   (incl. Padding)

    ----------------------------------------------------------------------

      Code (inc. data)   RO Data    RW Data    ZI Data      Debug   Library Member Name

         8          0          0          0          0         68   __main.o
         0          0          0          0          0          0   __rtentry.o
        12          0          0          0          0          0   __rtentry2.o
         6          0          0          0          0          0   __rtentry4.o
        52          8          0          0          0          0   __scatter.o
        26          0          0          0          0          0   __scatter_copy.o
        28          0          0          0          0          0   __scatter_zi.o
        18          0          0          0          0         80   exit.o
         6          0          0          0          0        152   heapauxi.o
         0          0          0          0          0          0   indicate_semi.o
         2          0          0          0          0          0   libinit.o
         6          0          0          0          0          0   libinit2.o
         2          0          0          0          0          0   libshutdown.o
         2          0          0          0          0          0   libshutdown2.o
         8          4          0          0         96         68   libspace.o
        78          0          0          0          0         80   rt_memclr_w.o
         2          0          0          0          0          0   rtexit.o
        10          0          0          0          0          0   rtexit2.o
        12          4          0          0          0         68   sys_exit.o
        74          0          0          0          0         80   sys_stackheap_outer.o
         2          0          0          0          0         68   use_no_semi.o
        10          0          0          0          0        116   fpinit.o

    ----------------------------------------------------------------------
       368         16          0          0        100        780   Library Totals
         4          0          0          0          4          0   (incl. Padding)

    ----------------------------------------------------------------------

      Code (inc. data)   RO Data    RW Data    ZI Data      Debug   Library Name

       354         16          0          0         96        664   c_w.l
        10          0          0          0          0        116   fz_wm.l

    ----------------------------------------------------------------------
       368         16          0          0        100        780   Library Totals

    ----------------------------------------------------------------------

==============================================================================


      Code (inc. data)   RO Data    RW Data    ZI Data      Debug   

     11770        708        546         32       2936     850331   Grand Totals
     11770        708        546         32       2936     850331   ELF Image Totals
     11770        708        546         32          0          0   ROM Totals

==============================================================================

    Total RO  Size (Code + RO Data)                12316 (  12.03kB)
    Total RW  Size (RW Data + ZI Data)              2968 (   2.90kB)
    Total ROM Size (Code + RO Data + RW Data)      12348 (  12.06kB)

==============================================================================

